<html>
<body>
<pre>
<h1>µVision Build Log</h1>
<h2>Project:</h2>
E:\v23ce6v2\Embedded Projects\CAN_SLAVE_PROJECT\can_slave.uvproj
Project File Date:  05/21/2024

<h2>Output:</h2>
Rebuild target 'Target 1'
assembling Startup.s...
compiling CAN_SLAVE.c...
linking...
Program Size: Code=3996 RO-data=16 RW-data=0 ZI-data=1280  
FromELF: creating hex file...
"can_slave.axf" - 0 Error(s), 0 Warning(s).
Rebuild target 'Target 1'
assembling Startup.s...
compiling CAN_SLAVE.c...
linking...
Program Size: Code=4004 RO-data=16 RW-data=0 ZI-data=1280  
FromELF: creating hex file...
"can_slave.axf" - 0 Error(s), 0 Warning(s).
Rebuild target 'Target 1'
assembling Startup.s...
compiling CAN_SLAVE.c...
linking...
Program Size: Code=4008 RO-data=16 RW-data=0 ZI-data=1280  
FromELF: creating hex file...
"can_slave.axf" - 0 Error(s), 0 Warning(s).
Rebuild target 'Target 1'
assembling Startup.s...
compiling CAN_SLAVE.c...
linking...
Program Size: Code=4108 RO-data=32 RW-data=4 ZI-data=1276  
FromELF: creating hex file...
"can_slave.axf" - 0 Error(s), 0 Warning(s).
Rebuild target 'Target 1'
assembling Startup.s...
compiling CAN_SLAVE.c...
linking...
Program Size: Code=4108 RO-data=32 RW-data=4 ZI-data=1276  
FromELF: creating hex file...
"can_slave.axf" - 0 Error(s), 0 Warning(s).
Rebuild target 'Target 1'
assembling Startup.s...
compiling CAN_SLAVE.c...
linking...
Program Size: Code=4112 RO-data=32 RW-data=4 ZI-data=1276  
FromELF: creating hex file...
"can_slave.axf" - 0 Error(s), 0 Warning(s).
Rebuild target 'Target 1'
assembling Startup.s...
compiling CAN_SLAVE.c...
linking...
Program Size: Code=4108 RO-data=32 RW-data=4 ZI-data=1276  
FromELF: creating hex file...
"can_slave.axf" - 0 Error(s), 0 Warning(s).
Rebuild target 'Target 1'
assembling Startup.s...
compiling CAN_SLAVE.c...
linking...
Program Size: Code=4116 RO-data=32 RW-data=4 ZI-data=1276  
FromELF: creating hex file...
"can_slave.axf" - 0 Error(s), 0 Warning(s).
Rebuild target 'Target 1'
assembling Startup.s...
compiling CAN_SLAVE.c...
linking...
Program Size: Code=4116 RO-data=32 RW-data=4 ZI-data=1276  
FromELF: creating hex file...
"can_slave.axf" - 0 Error(s), 0 Warning(s).
Rebuild target 'Target 1'
assembling Startup.s...
compiling CAN_SLAVE.c...
CAN_SLAVE.c(32): error:  #7: unrecognized token
CAN_SLAVE.c(32): error:  #29: expected an expression
Target not created
Rebuild target 'Target 1'
assembling Startup.s...
compiling CAN_SLAVE.c...
CAN_SLAVE.c(33): error:  #7: unrecognized token
CAN_SLAVE.c(33): error:  #29: expected an expression
Target not created
Rebuild target 'Target 1'
assembling Startup.s...
compiling CAN_SLAVE.c...
CAN_SLAVE.c(34): error:  #127: expected a statement
Target not created
Rebuild target 'Target 1'
assembling Startup.s...
compiling CAN_SLAVE.c...
linking...
Program Size: Code=4144 RO-data=32 RW-data=4 ZI-data=1276  
FromELF: creating hex file...
"can_slave.axf" - 0 Error(s), 0 Warning(s).
Rebuild target 'Target 1'
assembling Startup.s...
compiling CAN_SLAVE.c...
linking...
Program Size: Code=4144 RO-data=32 RW-data=4 ZI-data=1276  
FromELF: creating hex file...
"can_slave.axf" - 0 Error(s), 0 Warning(s).
Rebuild target 'Target 1'
assembling Startup.s...
compiling CAN_SLAVE.c...
linking...
Program Size: Code=4160 RO-data=32 RW-data=4 ZI-data=1276  
FromELF: creating hex file...
"can_slave.axf" - 0 Error(s), 0 Warning(s).
Rebuild target 'Target 1'
assembling Startup.s...
compiling CAN_SLAVE.c...
linking...
Program Size: Code=4144 RO-data=32 RW-data=4 ZI-data=1276  
FromELF: creating hex file...
"can_slave.axf" - 0 Error(s), 0 Warning(s).
Rebuild target 'Target 1'
assembling Startup.s...
compiling CAN_SLAVE.c...
linking...
Program Size: Code=4160 RO-data=32 RW-data=4 ZI-data=1276  
FromELF: creating hex file...
"can_slave.axf" - 0 Error(s), 0 Warning(s).
Rebuild target 'Target 1'
assembling Startup.s...
compiling CAN_SLAVE.c...
linking...
Program Size: Code=4156 RO-data=32 RW-data=4 ZI-data=1276  
FromELF: creating hex file...
"can_slave.axf" - 0 Error(s), 0 Warning(s).
Rebuild target 'Target 1'
assembling Startup.s...
compiling CAN_SLAVE.c...
linking...
Program Size: Code=4172 RO-data=32 RW-data=4 ZI-data=1276  
FromELF: creating hex file...
"can_slave.axf" - 0 Error(s), 0 Warning(s).
Rebuild target 'Target 1'
assembling Startup.s...
compiling CAN_SLAVE.c...
linking...
Program Size: Code=4172 RO-data=32 RW-data=4 ZI-data=1276  
FromELF: creating hex file...
"can_slave.axf" - 0 Error(s), 0 Warning(s).
Rebuild target 'Target 1'
assembling Startup.s...
compiling CAN_SLAVE.c...
linking...
Program Size: Code=4180 RO-data=32 RW-data=8 ZI-data=1280  
FromELF: creating hex file...
"can_slave.axf" - 0 Error(s), 0 Warning(s).
Rebuild target 'Target 1'
assembling Startup.s...
compiling CAN_SLAVE.c...
linking...
Program Size: Code=4172 RO-data=32 RW-data=4 ZI-data=1276  
FromELF: creating hex file...
"can_slave.axf" - 0 Error(s), 0 Warning(s).
Rebuild target 'Target 1'
assembling Startup.s...
compiling CAN_SLAVE.c...
CAN_SLAVE.c(27): warning:  #174-D: expression has no effect
linking...
Program Size: Code=4192 RO-data=32 RW-data=4 ZI-data=1276  
FromELF: creating hex file...
"can_slave.axf" - 0 Error(s), 1 Warning(s).
Rebuild target 'Target 1'
assembling Startup.s...
compiling CAN_SLAVE.c...
linking...
Program Size: Code=4196 RO-data=32 RW-data=4 ZI-data=1276  
FromELF: creating hex file...
"can_slave.axf" - 0 Error(s), 0 Warning(s).
Rebuild target 'Target 1'
assembling Startup.s...
compiling CAN_SLAVE.c...
linking...
Program Size: Code=4196 RO-data=32 RW-data=4 ZI-data=1276  
FromELF: creating hex file...
"can_slave.axf" - 0 Error(s), 0 Warning(s).
Rebuild target 'Target 1'
assembling Startup.s...
compiling CAN_SLAVE.c...
CAN_SLAVE.c(56): warning:  #1-D: last line of file ends without a newline
linking...
can_slave.axf: Error: L6218E: Undefined symbol main (referred from rtentry2.o).
Target not created
Rebuild target 'Target 1'
assembling Startup.s...
compiling can_slave_right.c...
linking...
Program Size: Code=4196 RO-data=32 RW-data=4 ZI-data=1276  
FromELF: creating hex file...
"can_slave.axf" - 0 Error(s), 0 Warning(s).
Rebuild target 'Target 1'
assembling Startup.s...
compiling can_slave_right.c...
linking...
Program Size: Code=4196 RO-data=32 RW-data=4 ZI-data=1276  
FromELF: creating hex file...
"can_slave.axf" - 0 Error(s), 0 Warning(s).
Rebuild target 'Target 1'
assembling Startup.s...
compiling can_slave_right.c...
linking...
Program Size: Code=4196 RO-data=32 RW-data=4 ZI-data=1276  
FromELF: creating hex file...
"can_slave.axf" - 0 Error(s), 0 Warning(s).
Rebuild target 'Target 1'
assembling Startup.s...
compiling can_slave_right.c...
linking...
Program Size: Code=4196 RO-data=32 RW-data=4 ZI-data=1276  
FromELF: creating hex file...
"can_slave.axf" - 0 Error(s), 0 Warning(s).
