<html>
<body>
<pre>
<h1>µVision Build Log</h1>
<h2>Project:</h2>
E:\v23ce6v2\Embedded Projects\CAN_SLAVE_PROJECT\can_slave.uvproj
Project File Date:  05/23/2024

<h2>Output:</h2>
Build target 'Target 1'
assembling Startup.s...
compiling can_wiper.c...
linking...
Program Size: Code=4244 RO-data=32 RW-data=4 ZI-data=1276  
FromELF: creating hex file...
"can_slave.axf" - 0 Error(s), 0 Warning(s).
Build target 'Target 1'
assembling Startup.s...
compiling CAN_SLAVE.c...
linking...
Program Size: Code=4196 RO-data=32 RW-data=4 ZI-data=1276  
FromELF: creating hex file...
"can_slave.axf" - 0 Error(s), 0 Warning(s).
Build target 'Target 1'
assembling Startup.s...
compiling can_slave_right.c...
linking...
Program Size: Code=4196 RO-data=32 RW-data=4 ZI-data=1276  
FromELF: creating hex file...
"can_slave.axf" - 0 Error(s), 0 Warning(s).
