Build target 'Target 1'
assembling Startup.s...
compiling main.c...
main.c(2): error:  #5: cannot open source input file "C:\Users\vinot\OneDrive\Desktop\Embedded\Embedded Projects\UART LCD ASSIGNMENT\LCD_DRIVER.h": No such file or directory
Target not created
Build target 'Target 1'
assembling Startup.s...
compiling main.c...
main.c(2): error:  #5: cannot open source input file "LCD_DRIVER.h": No such file or directory
Target not created
Build target 'Target 1'
assembling Startup.s...
compiling main.c...
linking...
Program Size: Code=1192 RO-data=16 RW-data=0 ZI-data=1256  
"UART_LCD.axf" - 0 Error(s), 0 Warning(s).
Build target 'Target 1'
assembling Startup.s...
compiling main.c...
linking...
Program Size: Code=1192 RO-data=16 RW-data=0 ZI-data=1256  
"UART_LCD.axf" - 0 Error(s), 0 Warning(s).
Build target 'Target 1'
assembling Startup.s...
compiling main.c...
linking...
Program Size: Code=1464 RO-data=16 RW-data=0 ZI-data=1256  
FromELF: creating hex file...
"UART_LCD.axf" - 0 Error(s), 0 Warning(s).
Build target 'Target 1'
assembling Startup.s...
compiling main.c...
linking...
Program Size: Code=1472 RO-data=16 RW-data=0 ZI-data=1256  
FromELF: creating hex file...
"UART_LCD.axf" - 0 Error(s), 0 Warning(s).
Build target 'Target 1'
assembling Startup.s...
compiling main.c...
linking...
Program Size: Code=1468 RO-data=16 RW-data=0 ZI-data=1256  
FromELF: creating hex file...
"UART_LCD.axf" - 0 Error(s), 0 Warning(s).
Build target 'Target 1'
assembling Startup.s...
compiling main.c...
linking...
Program Size: Code=1476 RO-data=16 RW-data=0 ZI-data=1256  
FromELF: creating hex file...
"UART_LCD.axf" - 0 Error(s), 0 Warning(s).
Build target 'Target 1'
compiling main.c...
linking...
Program Size: Code=1480 RO-data=16 RW-data=0 ZI-data=1256  
FromELF: creating hex file...
"UART_LCD.axf" - 0 Error(s), 0 Warning(s).
Build target 'Target 1'
linking...
Program Size: Code=1480 RO-data=16 RW-data=0 ZI-data=1256  
FromELF: creating hex file...
"UART_LCD.axf" - 0 Error(s), 0 Warning(s).
Build target 'Target 1'
linking...
Program Size: Code=1480 RO-data=16 RW-data=0 ZI-data=1256  
FromELF: creating hex file...
"UART_LCD.axf" - 0 Error(s), 0 Warning(s).
Build target 'Target 1'
assembling Startup.s...
compiling main.c...
linking...
Program Size: Code=1508 RO-data=16 RW-data=0 ZI-data=1256  
FromELF: creating hex file...
"UART_LCD.axf" - 0 Error(s), 0 Warning(s).
Build target 'Target 1'
assembling Startup.s...
compiling main.c...
linking...
Program Size: Code=1500 RO-data=16 RW-data=0 ZI-data=1256  
FromELF: creating hex file...
"UART_LCD.axf" - 0 Error(s), 0 Warning(s).
Build target 'Target 1'
compiling main.c...
linking...
Program Size: Code=1500 RO-data=16 RW-data=0 ZI-data=1256  
FromELF: creating hex file...
"UART_LCD.axf" - 0 Error(s), 0 Warning(s).
Build target 'Target 1'
linking...
Program Size: Code=1500 RO-data=16 RW-data=0 ZI-data=1256  
FromELF: creating hex file...
"UART_LCD.axf" - 0 Error(s), 0 Warning(s).
Build target 'Target 1'
linking...
Program Size: Code=1500 RO-data=16 RW-data=0 ZI-data=1256  
FromELF: creating hex file...
"UART_LCD.axf" - 0 Error(s), 0 Warning(s).
Build target 'Target 1'
compiling main.c...
linking...
Program Size: Code=1500 RO-data=16 RW-data=0 ZI-data=1256  
FromELF: creating hex file...
"UART_LCD.axf" - 0 Error(s), 0 Warning(s).
Build target 'Target 1'
linking...
Program Size: Code=1500 RO-data=16 RW-data=0 ZI-data=1256  
FromELF: creating hex file...
"UART_LCD.axf" - 0 Error(s), 0 Warning(s).
Build target 'Target 1'
assembling Startup.s...
compiling main.c...
linking...
Program Size: Code=1488 RO-data=16 RW-data=0 ZI-data=1256  
FromELF: creating hex file...
"UART_LCD.axf" - 0 Error(s), 0 Warning(s).
Build target 'Target 1'
assembling Startup.s...
compiling main.c...
linking...
Program Size: Code=1480 RO-data=16 RW-data=0 ZI-data=1256  
FromELF: creating hex file...
"UART_LCD.axf" - 0 Error(s), 0 Warning(s).
Build target 'Target 1'
assembling Startup.s...
compiling main.c...
E:\V23CE6V2\EMBEDDED PROJECTS\UART_LCD_ASSIGNMENT\UART0_DRIVER.h(14): error:  #147-D: declaration is incompatible with "unsigned char *UART0_LCD(void)" (declared at line 6)
Target not created
Build target 'Target 1'
assembling Startup.s...
compiling main.c...
linking...
Program Size: Code=1488 RO-data=16 RW-data=0 ZI-data=1256  
FromELF: creating hex file...
"UART_LCD.axf" - 0 Error(s), 0 Warning(s).
Build target 'Target 1'
assembling Startup.s...
compiling main.c...
E:\V23CE6V2\EMBEDDED PROJECTS\UART_LCD_ASSIGNMENT\UART0_DRIVER.h(14): error:  #147: declaration is incompatible with "unsigned char *UART0_LCD(unsigned char *)" (declared at line 6)
main.c(10): error:  #20: identifier "str" is undefined
Target not created
Build target 'Target 1'
assembling Startup.s...
compiling main.c...
E:\V23CE6V2\EMBEDDED PROJECTS\UART_LCD_ASSIGNMENT\UART0_DRIVER.h(14): error:  #147: declaration is incompatible with "unsigned char *UART0_LCD(unsigned char *)" (declared at line 6)
Target not created
Build target 'Target 1'
compiling main.c...
linking...
Program Size: Code=1476 RO-data=16 RW-data=0 ZI-data=1256  
FromELF: creating hex file...
"UART_LCD.axf" - 0 Error(s), 0 Warning(s).
Build target 'Target 1'
assembling Startup.s...
compiling main.c...
linking...
Program Size: Code=1476 RO-data=16 RW-data=0 ZI-data=1256  
FromELF: creating hex file...
"UART_LCD.axf" - 0 Error(s), 0 Warning(s).
Build target 'Target 1'
assembling Startup.s...
compiling main.c...
linking...
Program Size: Code=1496 RO-data=16 RW-data=0 ZI-data=1256  
FromELF: creating hex file...
"UART_LCD.axf" - 0 Error(s), 0 Warning(s).
Build target 'Target 1'
assembling Startup.s...
compiling main.c...
linking...
Program Size: Code=1496 RO-data=16 RW-data=0 ZI-data=1256  
FromELF: creating hex file...
"UART_LCD.axf" - 0 Error(s), 0 Warning(s).
Build target 'Target 1'
assembling Startup.s...
compiling main.c...
linking...
Program Size: Code=1508 RO-data=16 RW-data=0 ZI-data=1256  
FromELF: creating hex file...
"UART_LCD.axf" - 0 Error(s), 0 Warning(s).
