ARM Linker, 4.1 [Build 791] [Evaluation]

==============================================================================

Section Cross References

    startup.o(STACK) refers (Special) to heapauxi.o(.text) for __use_two_region_memory
    startup.o(HEAP) refers (Special) to heapauxi.o(.text) for __use_two_region_memory
    startup.o(RESET) refers (Special) to heapauxi.o(.text) for __use_two_region_memory
    startup.o(RESET) refers to startup.o(STACK) for Stack_Top
    startup.o(RESET) refers to __main.o(!!!main) for __main
    startup.o(.text) refers (Special) to heapauxi.o(.text) for __use_two_region_memory
    startup.o(.text) refers to startup.o(HEAP) for Heap_Mem
    startup.o(.text) refers to startup.o(STACK) for Stack_Mem
    main.o(.text) refers to dflt_noclz.o(x$fpl$dfltu) for __aeabi_ui2d
    main.o(.text) refers to dmul.o(x$fpl$dmul) for __aeabi_dmul
    main.o(.text) refers to ddiv.o(x$fpl$ddiv) for __aeabi_ddiv
    main.o(.text) refers to d2f.o(x$fpl$d2f) for __aeabi_d2f
    main.o(.text) refers to aeabi_sdiv.o(.text) for __aeabi_idivmod
    main.o(.text) refers to ffixu.o(x$fpl$ffixu) for __aeabi_f2uiz
    main.o(.text) refers to fflt_noclz.o(x$fpl$ffltu) for __aeabi_ui2f
    main.o(.text) refers to faddsub_noclz.o(x$fpl$frsb) for __aeabi_frsub
    main.o(.text) refers to fmul.o(x$fpl$fmul) for __aeabi_fmul
    aeabi_sdiv.o(.text_udiv) refers to aeabi_sdiv.o(.text) for __arm_div2
    aeabi_sdiv_div0.o(.text_udiv) refers to aeabi_sdiv_div0.o(.text) for __arm_div2
    __main.o(!!!main) refers to rtentry.o(.ARM.Collect$$rtentry$$00000000) for __rt_entry
    d2f.o(x$fpl$d2f) refers (Special) to usenofp.o(x$fpl$usenofp) for __I$use$fp
    d2f.o(x$fpl$d2f) refers to fretinf.o(x$fpl$fretinf) for __fpl_fretinf
    d2f.o(x$fpl$d2f) refers to dnaninf.o(x$fpl$dnaninf) for __fpl_dnaninf
    ddiv.o(x$fpl$drdiv) refers (Special) to usenofp.o(x$fpl$usenofp) for __I$use$fp
    ddiv.o(x$fpl$drdiv) refers to ddiv.o(x$fpl$ddiv) for ddiv_entry
    ddiv.o(x$fpl$ddiv) refers (Special) to usenofp.o(x$fpl$usenofp) for __I$use$fp
    ddiv.o(x$fpl$ddiv) refers to dretinf.o(x$fpl$dretinf) for __fpl_dretinf
    ddiv.o(x$fpl$ddiv) refers to dnaninf.o(x$fpl$dnaninf) for __fpl_dnaninf
    dflt_noclz.o(x$fpl$dfltu) refers (Special) to usenofp.o(x$fpl$usenofp) for __I$use$fp
    dflt_noclz.o(x$fpl$dfltu) refers to dflt_noclz.o(x$fpl$dflt) for __dflt_normalise
    dflt_noclz.o(x$fpl$dflt) refers (Special) to usenofp.o(x$fpl$usenofp) for __I$use$fp
    dmul.o(x$fpl$dmul) refers (Special) to usenofp.o(x$fpl$usenofp) for __I$use$fp
    dmul.o(x$fpl$dmul) refers to dretinf.o(x$fpl$dretinf) for __fpl_dretinf
    dmul.o(x$fpl$dmul) refers to dnaninf.o(x$fpl$dnaninf) for __fpl_dnaninf
    faddsub_noclz.o(x$fpl$fadd) refers (Special) to usenofp.o(x$fpl$usenofp) for __I$use$fp
    faddsub_noclz.o(x$fpl$fadd) refers to faddsub_noclz.o(x$fpl$fsub) for _fsub1
    faddsub_noclz.o(x$fpl$fadd) refers to fretinf.o(x$fpl$fretinf) for __fpl_fretinf
    faddsub_noclz.o(x$fpl$fadd) refers to fnaninf.o(x$fpl$fnaninf) for __fpl_fnaninf
    faddsub_noclz.o(x$fpl$frsb) refers (Special) to usenofp.o(x$fpl$usenofp) for __I$use$fp
    faddsub_noclz.o(x$fpl$frsb) refers to faddsub_noclz.o(x$fpl$fadd) for _fadd1
    faddsub_noclz.o(x$fpl$frsb) refers to faddsub_noclz.o(x$fpl$fsub) for _fsub1
    faddsub_noclz.o(x$fpl$fsub) refers (Special) to usenofp.o(x$fpl$usenofp) for __I$use$fp
    faddsub_noclz.o(x$fpl$fsub) refers to faddsub_noclz.o(x$fpl$fadd) for _fadd1
    faddsub_noclz.o(x$fpl$fsub) refers to fnaninf.o(x$fpl$fnaninf) for __fpl_fnaninf
    ffixu.o(x$fpl$ffixu) refers (Special) to usenofp.o(x$fpl$usenofp) for __I$use$fp
    ffixu.o(x$fpl$ffixu) refers to fnaninf.o(x$fpl$fnaninf) for __fpl_fnaninf
    ffixu.o(x$fpl$ffixur) refers (Special) to usenofp.o(x$fpl$usenofp) for __I$use$fp
    ffixu.o(x$fpl$ffixur) refers to fnaninf.o(x$fpl$fnaninf) for __fpl_fnaninf
    fflt_noclz.o(x$fpl$ffltu) refers (Special) to usenofp.o(x$fpl$usenofp) for __I$use$fp
    fflt_noclz.o(x$fpl$ffltu) refers to fflt_noclz.o(x$fpl$fflt) for __fflt_normalise
    fflt_noclz.o(x$fpl$fflt) refers (Special) to usenofp.o(x$fpl$usenofp) for __I$use$fp
    fmul.o(x$fpl$fmul) refers (Special) to usenofp.o(x$fpl$usenofp) for __I$use$fp
    fmul.o(x$fpl$fmul) refers to fretinf.o(x$fpl$fretinf) for __fpl_fretinf
    fmul.o(x$fpl$fmul) refers to fnaninf.o(x$fpl$fnaninf) for __fpl_fnaninf
    rtentry.o(.ARM.Collect$$rtentry$$00000000) refers (Special) to rtentry2.o(.ARM.Collect$$rtentry$$0000000A) for __rt_entry_li
    rtentry.o(.ARM.Collect$$rtentry$$00000000) refers (Special) to rtentry2.o(.ARM.Collect$$rtentry$$0000000D) for __rt_entry_main
    rtentry.o(.ARM.Collect$$rtentry$$00000000) refers (Special) to rtentry2.o(.ARM.Collect$$rtentry$$0000000C) for __rt_entry_postli_1
    rtentry.o(.ARM.Collect$$rtentry$$00000000) refers (Special) to rtentry2.o(.ARM.Collect$$rtentry$$00000009) for __rt_entry_postsh_1
    rtentry.o(.ARM.Collect$$rtentry$$00000000) refers (Special) to rtentry2.o(.ARM.Collect$$rtentry$$00000002) for __rt_entry_presh_1
    rtentry.o(.ARM.Collect$$rtentry$$00000000) refers (Special) to rtentry4.o(.ARM.Collect$$rtentry$$00000004) for __rt_entry_sh
    aeabi_idiv0_sigfpe.o(.text) refers to rt_div0.o(.text) for __rt_div0
    dnaninf.o(x$fpl$dnaninf) refers (Special) to usenofp.o(x$fpl$usenofp) for __I$use$fp
    dretinf.o(x$fpl$dretinf) refers (Special) to usenofp.o(x$fpl$usenofp) for __I$use$fp
    fnaninf.o(x$fpl$fnaninf) refers (Special) to usenofp.o(x$fpl$usenofp) for __I$use$fp
    fretinf.o(x$fpl$fretinf) refers (Special) to usenofp.o(x$fpl$usenofp) for __I$use$fp
    rtentry2.o(.ARM.Collect$$rtentry$$00000008) refers to boardinit2.o(.text) for _platform_post_stackheap_init
    rtentry2.o(.ARM.Collect$$rtentry$$0000000A) refers to libinit.o(.ARM.Collect$$libinit$$00000000) for __rt_lib_init
    rtentry2.o(.ARM.Collect$$rtentry$$0000000B) refers to boardinit3.o(.text) for _platform_post_lib_init
    rtentry2.o(.ARM.Collect$$rtentry$$0000000D) refers to exit.o(.text) for exit
    rtentry2.o(.ARM.Collect$$rtentry$$0000000D) refers to main.o(.text) for main
    rtentry2.o(.ARM.exidx) refers to rtentry2.o(.ARM.Collect$$rtentry$$00000001) for .ARM.Collect$$rtentry$$00000001
    rtentry2.o(.ARM.exidx) refers to rtentry2.o(.ARM.Collect$$rtentry$$00000008) for .ARM.Collect$$rtentry$$00000008
    rtentry2.o(.ARM.exidx) refers to rtentry2.o(.ARM.Collect$$rtentry$$0000000A) for .ARM.Collect$$rtentry$$0000000A
    rtentry2.o(.ARM.exidx) refers to rtentry2.o(.ARM.Collect$$rtentry$$0000000B) for .ARM.Collect$$rtentry$$0000000B
    rtentry2.o(.ARM.exidx) refers to rtentry2.o(.ARM.Collect$$rtentry$$0000000D) for .ARM.Collect$$rtentry$$0000000D
    rtentry4.o(.ARM.Collect$$rtentry$$00000004) refers to sys_stackheap_outer.o(.text) for __user_setup_stackheap
    rtentry4.o(.ARM.exidx) refers to rtentry4.o(.ARM.Collect$$rtentry$$00000004) for .ARM.Collect$$rtentry$$00000004
    rt_div0.o(.text) refers to defsig_fpe_outer.o(.text) for __rt_SIGFPE
    sys_stackheap_outer.o(.text) refers to libspace.o(.text) for __user_perproc_libspace
    sys_stackheap_outer.o(.text) refers to startup.o(.text) for __user_initial_stackheap
    exit.o(.text) refers to rtexit.o(.ARM.Collect$$rtexit$$00000000) for __rt_exit
    defsig_fpe_outer.o(.text) refers to defsig_fpe_inner.o(.text) for __rt_SIGFPE_inner
    defsig_fpe_outer.o(.text) refers to defsig_exit.o(.text) for __sig_exit
    defsig_fpe_formal.o(.text) refers to rt_raise.o(.text) for __rt_raise
    libinit.o(.ARM.Collect$$libinit$$00000000) refers (Special) to libinit2.o(.ARM.Collect$$libinit$$0000002A) for __rt_lib_init_alloca_1
    libinit.o(.ARM.Collect$$libinit$$00000000) refers (Special) to libinit2.o(.ARM.Collect$$libinit$$00000028) for __rt_lib_init_argv_1
    libinit.o(.ARM.Collect$$libinit$$00000000) refers (Special) to libinit2.o(.ARM.Collect$$libinit$$00000017) for __rt_lib_init_atexit_1
    libinit.o(.ARM.Collect$$libinit$$00000000) refers (Special) to libinit2.o(.ARM.Collect$$libinit$$0000001D) for __rt_lib_init_clock_1
    libinit.o(.ARM.Collect$$libinit$$00000000) refers (Special) to libinit2.o(.ARM.Collect$$libinit$$0000002E) for __rt_lib_init_cpp_1
    libinit.o(.ARM.Collect$$libinit$$00000000) refers (Special) to libinit2.o(.ARM.Collect$$libinit$$0000002C) for __rt_lib_init_exceptions_1
    libinit.o(.ARM.Collect$$libinit$$00000000) refers (Special) to libinit2.o(.ARM.Collect$$libinit$$0000001B) for __rt_lib_init_fp_trap_1
    libinit.o(.ARM.Collect$$libinit$$00000000) refers (Special) to libinit2.o(.ARM.Collect$$libinit$$0000001F) for __rt_lib_init_getenv_1
    libinit.o(.ARM.Collect$$libinit$$00000000) refers (Special) to libinit2.o(.ARM.Collect$$libinit$$00000006) for __rt_lib_init_heap_1
    libinit.o(.ARM.Collect$$libinit$$00000000) refers (Special) to libinit2.o(.ARM.Collect$$libinit$$0000000D) for __rt_lib_init_lc_collate_1
    libinit.o(.ARM.Collect$$libinit$$00000000) refers (Special) to libinit2.o(.ARM.Collect$$libinit$$0000000F) for __rt_lib_init_lc_ctype_1
    libinit.o(.ARM.Collect$$libinit$$00000000) refers (Special) to libinit2.o(.ARM.Collect$$libinit$$00000011) for __rt_lib_init_lc_monetary_1
    libinit.o(.ARM.Collect$$libinit$$00000000) refers (Special) to libinit2.o(.ARM.Collect$$libinit$$00000013) for __rt_lib_init_lc_numeric_1
    libinit.o(.ARM.Collect$$libinit$$00000000) refers (Special) to libinit2.o(.ARM.Collect$$libinit$$00000015) for __rt_lib_init_lc_time_1
    libinit.o(.ARM.Collect$$libinit$$00000000) refers (Special) to libinit2.o(.ARM.Collect$$libinit$$0000000A) for __rt_lib_init_rand_1
    libinit.o(.ARM.Collect$$libinit$$00000000) refers (Special) to libinit2.o(.ARM.Collect$$libinit$$0000002F) for __rt_lib_init_return
    libinit.o(.ARM.Collect$$libinit$$00000000) refers (Special) to libinit2.o(.ARM.Collect$$libinit$$00000019) for __rt_lib_init_signal_1
    libinit.o(.ARM.Collect$$libinit$$00000000) refers (Special) to libinit2.o(.ARM.Collect$$libinit$$00000021) for __rt_lib_init_stdio_1
    libinit.o(.ARM.Collect$$libinit$$00000000) refers (Special) to libinit2.o(.ARM.Collect$$libinit$$00000008) for __rt_lib_init_user_alloc_1
    libinit.o(.ARM.Collect$$libinit$$00000000) refers to fpinit.o(x$fpl$fpinit) for _fp_init
    libspace.o(.text) refers to libspace.o(.bss) for __libspace_start
    rtexit.o(.ARM.Collect$$rtexit$$00000000) refers (Special) to rtexit2.o(.ARM.Collect$$rtexit$$00000004) for __rt_exit_exit
    rtexit.o(.ARM.Collect$$rtexit$$00000000) refers (Special) to rtexit2.o(.ARM.Collect$$rtexit$$00000003) for __rt_exit_ls
    rtexit.o(.ARM.Collect$$rtexit$$00000000) refers (Special) to rtexit2.o(.ARM.Collect$$rtexit$$00000002) for __rt_exit_prels_1
    rtexit.o(.ARM.exidx) refers (Special) to rtexit2.o(.ARM.Collect$$rtexit$$00000004) for __rt_exit_exit
    rtexit.o(.ARM.exidx) refers (Special) to rtexit2.o(.ARM.Collect$$rtexit$$00000003) for __rt_exit_ls
    rtexit.o(.ARM.exidx) refers (Special) to rtexit2.o(.ARM.Collect$$rtexit$$00000002) for __rt_exit_prels_1
    rtexit.o(.ARM.exidx) refers to rtexit.o(.ARM.Collect$$rtexit$$00000000) for .ARM.Collect$$rtexit$$00000000
    rt_raise.o(.text) refers to __raise.o(.text) for __raise
    rt_raise.o(.text) refers to sys_exit.o(.text) for _sys_exit
    defsig_exit.o(.text) refers to sys_exit.o(.text) for _sys_exit
    defsig_fpe_inner.o(.text) refers to defsig_general.o(.text) for __default_signal_display
    libinit2.o(.ARM.Collect$$libinit$$0000000C) refers to libinit2.o(.ARM.Collect$$libinit$$0000000B) for .ARM.Collect$$libinit$$0000000B
    libinit2.o(.ARM.Collect$$libinit$$0000000E) refers to libinit2.o(.ARM.Collect$$libinit$$0000000B) for .ARM.Collect$$libinit$$0000000B
    libinit2.o(.ARM.Collect$$libinit$$00000010) refers to libinit2.o(.ARM.Collect$$libinit$$0000000B) for .ARM.Collect$$libinit$$0000000B
    libinit2.o(.ARM.Collect$$libinit$$00000012) refers to libinit2.o(.ARM.Collect$$libinit$$0000000B) for .ARM.Collect$$libinit$$0000000B
    libinit2.o(.ARM.Collect$$libinit$$00000014) refers to libinit2.o(.ARM.Collect$$libinit$$0000000B) for .ARM.Collect$$libinit$$0000000B
    libinit2.o(.ARM.Collect$$libinit$$00000022) refers to argv_veneer.o(.emb_text) for __ARM_argv_veneer
    libinit2.o(.ARM.Collect$$libinit$$00000023) refers to argv_veneer.o(.emb_text) for __ARM_argv_veneer
    fpinit.o(x$fpl$fpinit) refers to rt_fp_status_addr_intlibspace.o(.text) for __rt_fp_status_addr
    sys_exit.o(.text) refers (Special) to use_no_semi.o(.text) for __I$use$semihosting
    sys_exit.o(.text) refers (Special) to indicate_semi.o(.text) for __semihosting_library_function
    rtexit2.o(.ARM.Collect$$rtexit$$00000003) refers to libshutdown.o(.ARM.Collect$$libshutdown$$00000000) for __rt_lib_shutdown
    rtexit2.o(.ARM.Collect$$rtexit$$00000004) refers to sys_exit.o(.text) for _sys_exit
    rtexit2.o(.ARM.exidx) refers to rtexit2.o(.ARM.Collect$$rtexit$$00000001) for .ARM.Collect$$rtexit$$00000001
    rtexit2.o(.ARM.exidx) refers to rtexit2.o(.ARM.Collect$$rtexit$$00000003) for .ARM.Collect$$rtexit$$00000003
    rtexit2.o(.ARM.exidx) refers to rtexit2.o(.ARM.Collect$$rtexit$$00000004) for .ARM.Collect$$rtexit$$00000004
    rt_fp_status_addr.o(.text) refers to rt_fp_status_addr.o(.bss) for __rt_fp_status_addr_data
    rt_fp_status_addr_intlibspace.o(.text) refers to libspace.o(.bss) for __libspace_start
    __raise.o(.text) refers to __raise.o(i.__ARM_common_call_via_r2) for __ARM_common_call_via_r2
    __raise.o(.text) refers to defsig.o(CL$$defsig) for __default_signal_handler
    defsig_general.o(.text) refers to sys_wrch.o(.text) for _ttywrch
    argv_veneer.o(.emb_text) refers to no_argv.o(.text) for __ARM_get_argv
    sys_wrch.o(.text) refers (Special) to use_no_semi.o(.text) for __I$use$semihosting
    sys_wrch.o(.text) refers (Special) to indicate_semi.o(.text) for __semihosting_library_function
    defsig.o(CL$$defsig) refers to defsig_fpe_inner.o(.text) for __rt_SIGFPE_inner
    defsig.o(CL$$defsig) refers to defsig_rtmem_inner.o(.text) for __rt_SIGRTMEM_inner
    _get_argv_nomalloc.o(.text) refers (Special) to hrguard.o(.text) for __heap_region$guard
    _get_argv_nomalloc.o(.text) refers to defsig_rtmem_outer.o(.text) for __rt_SIGRTMEM
    _get_argv_nomalloc.o(.text) refers to sys_command.o(.text) for _sys_command_string
    libshutdown.o(.ARM.Collect$$libshutdown$$00000000) refers (Special) to libshutdown2.o(.ARM.Collect$$libshutdown$$00000006) for __rt_lib_shutdown_fp_trap_1
    libshutdown.o(.ARM.Collect$$libshutdown$$00000000) refers (Special) to libshutdown2.o(.ARM.Collect$$libshutdown$$0000000E) for __rt_lib_shutdown_heap_1
    libshutdown.o(.ARM.Collect$$libshutdown$$00000000) refers (Special) to libshutdown2.o(.ARM.Collect$$libshutdown$$0000000F) for __rt_lib_shutdown_return
    libshutdown.o(.ARM.Collect$$libshutdown$$00000000) refers (Special) to libshutdown2.o(.ARM.Collect$$libshutdown$$00000009) for __rt_lib_shutdown_signal_1
    libshutdown.o(.ARM.Collect$$libshutdown$$00000000) refers (Special) to libshutdown2.o(.ARM.Collect$$libshutdown$$00000003) for __rt_lib_shutdown_stdio_1
    libshutdown.o(.ARM.Collect$$libshutdown$$00000000) refers (Special) to libshutdown2.o(.ARM.Collect$$libshutdown$$0000000B) for __rt_lib_shutdown_user_alloc_1
    sys_command.o(.text) refers (Special) to use_no_semi.o(.text) for __I$use$semihosting
    sys_command.o(.text) refers (Special) to indicate_semi.o(.text) for __semihosting_library_function
    defsig_abrt_inner.o(.text) refers to defsig_general.o(.text) for __default_signal_display
    defsig_rtred_inner.o(.text) refers to defsig_general.o(.text) for __default_signal_display
    defsig_rtmem_inner.o(.text) refers to defsig_general.o(.text) for __default_signal_display
    defsig_rtmem_outer.o(.text) refers to defsig_rtmem_inner.o(.text) for __rt_SIGRTMEM_inner
    defsig_rtmem_outer.o(.text) refers to defsig_exit.o(.text) for __sig_exit
    defsig_rtmem_formal.o(.text) refers to rt_raise.o(.text) for __rt_raise
    defsig_stak_inner.o(.text) refers to defsig_general.o(.text) for __default_signal_display
    defsig_pvfn_inner.o(.text) refers to defsig_general.o(.text) for __default_signal_display
    defsig_cppl_inner.o(.text) refers to defsig_general.o(.text) for __default_signal_display
    defsig_segv_inner.o(.text) refers to defsig_general.o(.text) for __default_signal_display
    defsig_other.o(.text) refers to defsig_general.o(.text) for __default_signal_display


==============================================================================

Removing Unused input sections from the image.

    Removing startup.o(RESET), (272 bytes).

1 unused section(s) (total 272 bytes) removed from the image.

==============================================================================

Adding Veneers to the image

    Adding AT veneer (8 bytes, Inline) for call to '__rt_lib_init' from rtentry2.o(.ARM.Collect$$rtentry$$0000000A).
    Adding AT veneer (8 bytes, Inline) for call to '__rt_lib_shutdown' from rtexit2.o(.ARM.Collect$$rtexit$$00000003).
    Adding TA veneer (4 bytes, Inline) for call to '__rt_exit' from exit.o(.text).
    Adding AT veneer (8 bytes, Inline) for call to '_sys_exit' from rtexit2.o(.ARM.Collect$$rtexit$$00000004).
    Adding TA veneer (4 bytes, Inline) for call to '_fp_init' from libinit.o(.ARM.Collect$$libinit$$00000000).

5 Veneer(s) (total 32 bytes) added to the image.

==============================================================================

Image Symbol Table

    Local Symbols

    Symbol Name                              Value     Ov Type        Size  Object(Section)

    !!!main                                  0x00000000   Section        8  __main.o(!!!main)
    ../../angel/boardlib.s                   0x00000000   Number         0  boardinit2.o ABSOLUTE
    ../../angel/boardlib.s                   0x00000000   Number         0  boardinit3.o ABSOLUTE
    ../../angel/boardlib.s                   0x00000000   Number         0  boardinit1.o ABSOLUTE
    ../../angel/boardlib.s                   0x00000000   Number         0  boardshut.o ABSOLUTE
    ../../angel/handlers.s                   0x00000000   Number         0  __scatter_zi.o ABSOLUTE
    ../../angel/kernel.s                     0x00000000   Number         0  rtexit.o ABSOLUTE
    ../../angel/kernel.s                     0x00000000   Number         0  rtexit2.o ABSOLUTE
    ../../angel/kernel.s                     0x00000000   Number         0  rtentry2.o ABSOLUTE
    ../../angel/kernel.s                     0x00000000   Number         0  rtentry.o ABSOLUTE
    ../../angel/kernel.s                     0x00000000   Number         0  rtentry4.o ABSOLUTE
    ../../angel/rt.s                         0x00000000   Number         0  rt_div0.o ABSOLUTE
    ../../angel/rt.s                         0x00000000   Number         0  rt_raise.o ABSOLUTE
    ../../angel/rt.s                         0x00000000   Number         0  rt_fp_status_addr.o ABSOLUTE
    ../../angel/rt.s                         0x00000000   Number         0  rt_fp_status_addr_intlibspace.o ABSOLUTE
    ../../angel/rt.s                         0x00000000   Number         0  aeabi_idiv0_sigfpe.o ABSOLUTE
    ../../angel/rt.s                         0x00000000   Number         0  aeabi_idiv0.o ABSOLUTE
    ../../angel/scatter.s                    0x00000000   Number         0  __scatter.o ABSOLUTE
    ../../angel/startup.s                    0x00000000   Number         0  __main.o ABSOLUTE
    ../../angel/sys.s                        0x00000000   Number         0  libspace.o ABSOLUTE
    ../../angel/sys.s                        0x00000000   Number         0  sys_stackheap_outer.o ABSOLUTE
    ../../angel/sys.s                        0x00000000   Number         0  use_no_semi.o ABSOLUTE
    ../../angel/sys.s                        0x00000000   Number         0  indicate_semi.o ABSOLUTE
    ../../angel/sysapp.c                     0x00000000   Number         0  sys_command.o ABSOLUTE
    ../../angel/sysapp.c                     0x00000000   Number         0  sys_wrch.o ABSOLUTE
    ../../angel/sysapp.c                     0x00000000   Number         0  sys_exit.o ABSOLUTE
    ../../armsys.c                           0x00000000   Number         0  argv_veneer.o ABSOLUTE
    ../../armsys.c                           0x00000000   Number         0  argv_veneer.o ABSOLUTE
    ../../armsys.c                           0x00000000   Number         0  no_argv.o ABSOLUTE
    ../../armsys.c                           0x00000000   Number         0  _get_argv_nomalloc.o ABSOLUTE
    ../../d2f.s                              0x00000000   Number         0  d2f.o ABSOLUTE
    ../../ddiv.s                             0x00000000   Number         0  ddiv.o ABSOLUTE
    ../../dflt.s                             0x00000000   Number         0  dflt_noclz.o ABSOLUTE
    ../../division.s                         0x00000000   Number         0  aeabi_sdiv.o ABSOLUTE
    ../../division.s                         0x00000000   Number         0  aeabi_sdiv_div0.o ABSOLUTE
    ../../divrt.s                            0x00000000   Number         0  divrt_7tdmi_div0.o ABSOLUTE
    ../../divrt.s                            0x00000000   Number         0  divrt_7tdmi.o ABSOLUTE
    ../../dmul.s                             0x00000000   Number         0  dmul.o ABSOLUTE
    ../../dnaninf.s                          0x00000000   Number         0  dnaninf.o ABSOLUTE
    ../../dretinf.s                          0x00000000   Number         0  dretinf.o ABSOLUTE
    ../../faddsub.s                          0x00000000   Number         0  faddsub_noclz.o ABSOLUTE
    ../../ffixu.s                            0x00000000   Number         0  ffixu.o ABSOLUTE
    ../../fflt.s                             0x00000000   Number         0  fflt_noclz.o ABSOLUTE
    ../../fmul.s                             0x00000000   Number         0  fmul.o ABSOLUTE
    ../../fnaninf.s                          0x00000000   Number         0  fnaninf.o ABSOLUTE
    ../../fpinit.s                           0x00000000   Number         0  fpinit.o ABSOLUTE
    ../../fretinf.s                          0x00000000   Number         0  fretinf.o ABSOLUTE
    ../../heapalloc.c                        0x00000000   Number         0  hrguard.o ABSOLUTE
    ../../heapaux.c                          0x00000000   Number         0  heapauxi.o ABSOLUTE
    ../../libinit.s                          0x00000000   Number         0  libshutdown2.o ABSOLUTE
    ../../libinit.s                          0x00000000   Number         0  libshutdown.o ABSOLUTE
    ../../libinit.s                          0x00000000   Number         0  libinit2.o ABSOLUTE
    ../../libinit.s                          0x00000000   Number         0  libinit.o ABSOLUTE
    ../../signal.c                           0x00000000   Number         0  defsig_segv_inner.o ABSOLUTE
    ../../signal.c                           0x00000000   Number         0  defsig_rtred_inner.o ABSOLUTE
    ../../signal.c                           0x00000000   Number         0  __raise.o ABSOLUTE
    ../../signal.c                           0x00000000   Number         0  defsig_rtmem_formal.o ABSOLUTE
    ../../signal.c                           0x00000000   Number         0  defsig_stak_inner.o ABSOLUTE
    ../../signal.c                           0x00000000   Number         0  defsig_pvfn_inner.o ABSOLUTE
    ../../signal.c                           0x00000000   Number         0  defsig_cppl_inner.o ABSOLUTE
    ../../signal.c                           0x00000000   Number         0  defsig_fpe_inner.o ABSOLUTE
    ../../signal.c                           0x00000000   Number         0  defsig_exit.o ABSOLUTE
    ../../signal.c                           0x00000000   Number         0  defsig_other.o ABSOLUTE
    ../../signal.c                           0x00000000   Number         0  defsig_abrt_inner.o ABSOLUTE
    ../../signal.c                           0x00000000   Number         0  defsig_general.o ABSOLUTE
    ../../signal.c                           0x00000000   Number         0  defsig_rtmem_inner.o ABSOLUTE
    ../../signal.c                           0x00000000   Number         0  defsig_fpe_outer.o ABSOLUTE
    ../../signal.c                           0x00000000   Number         0  defsig_fpe_formal.o ABSOLUTE
    ../../signal.c                           0x00000000   Number         0  defsig_rtmem_outer.o ABSOLUTE
    ../../signal.s                           0x00000000   Number         0  defsig.o ABSOLUTE
    ../../stdlib.c                           0x00000000   Number         0  exit.o ABSOLUTE
    ../../usenofp.s                          0x00000000   Number         0  usenofp.o ABSOLUTE
    Startup.s                                0x00000000   Number         0  startup.o ABSOLUTE
    dc.s                                     0x00000000   Number         0  dc.o ABSOLUTE
    main.c                                   0x00000000   Number         0  main.o ABSOLUTE
    !!!scatter                               0x00000008   Section       60  __scatter.o(!!!scatter)
    !!handler_zi                             0x00000044   Section       44  __scatter_zi.o(!!handler_zi)
    .ARM.Collect$$libinit$$00000000          0x00000078   Section        6  libinit.o(.ARM.Collect$$libinit$$00000000)
    .ARM.Collect$$libinit$$00000006          0x0000007e   Section        0  libinit2.o(.ARM.Collect$$libinit$$00000006)
    .ARM.Collect$$libinit$$00000008          0x0000007e   Section        0  libinit2.o(.ARM.Collect$$libinit$$00000008)
    .ARM.Collect$$libinit$$0000000A          0x0000007e   Section        0  libinit2.o(.ARM.Collect$$libinit$$0000000A)
    .ARM.Collect$$libinit$$0000000D          0x0000007e   Section        0  libinit2.o(.ARM.Collect$$libinit$$0000000D)
    .ARM.Collect$$libinit$$0000000F          0x0000007e   Section        0  libinit2.o(.ARM.Collect$$libinit$$0000000F)
    .ARM.Collect$$libinit$$00000011          0x0000007e   Section        0  libinit2.o(.ARM.Collect$$libinit$$00000011)
    .ARM.Collect$$libinit$$00000013          0x0000007e   Section        0  libinit2.o(.ARM.Collect$$libinit$$00000013)
    .ARM.Collect$$libinit$$00000015          0x0000007e   Section        0  libinit2.o(.ARM.Collect$$libinit$$00000015)
    .ARM.Collect$$libinit$$00000017          0x0000007e   Section        0  libinit2.o(.ARM.Collect$$libinit$$00000017)
    .ARM.Collect$$libinit$$00000019          0x0000007e   Section        0  libinit2.o(.ARM.Collect$$libinit$$00000019)
    .ARM.Collect$$libinit$$0000001B          0x0000007e   Section        0  libinit2.o(.ARM.Collect$$libinit$$0000001B)
    .ARM.Collect$$libinit$$0000001D          0x0000007e   Section        0  libinit2.o(.ARM.Collect$$libinit$$0000001D)
    .ARM.Collect$$libinit$$0000001F          0x0000007e   Section        0  libinit2.o(.ARM.Collect$$libinit$$0000001F)
    .ARM.Collect$$libinit$$00000021          0x0000007e   Section        0  libinit2.o(.ARM.Collect$$libinit$$00000021)
    .ARM.Collect$$libinit$$00000028          0x0000007e   Section        0  libinit2.o(.ARM.Collect$$libinit$$00000028)
    .ARM.Collect$$libinit$$0000002A          0x0000007e   Section        0  libinit2.o(.ARM.Collect$$libinit$$0000002A)
    .ARM.Collect$$libinit$$0000002C          0x0000007e   Section        0  libinit2.o(.ARM.Collect$$libinit$$0000002C)
    .ARM.Collect$$libinit$$0000002E          0x0000007e   Section        0  libinit2.o(.ARM.Collect$$libinit$$0000002E)
    .ARM.Collect$$libinit$$0000002F          0x0000007e   Section       12  libinit2.o(.ARM.Collect$$libinit$$0000002F)
    .ARM.Collect$$libshutdown$$00000000      0x00000094   Section        4  libshutdown.o(.ARM.Collect$$libshutdown$$00000000)
    .ARM.Collect$$libshutdown$$00000003      0x00000098   Section        0  libshutdown2.o(.ARM.Collect$$libshutdown$$00000003)
    .ARM.Collect$$libshutdown$$00000006      0x00000098   Section        0  libshutdown2.o(.ARM.Collect$$libshutdown$$00000006)
    .ARM.Collect$$libshutdown$$00000009      0x00000098   Section        0  libshutdown2.o(.ARM.Collect$$libshutdown$$00000009)
    .ARM.Collect$$libshutdown$$0000000B      0x00000098   Section        0  libshutdown2.o(.ARM.Collect$$libshutdown$$0000000B)
    .ARM.Collect$$libshutdown$$0000000E      0x00000098   Section        0  libshutdown2.o(.ARM.Collect$$libshutdown$$0000000E)
    .ARM.Collect$$libshutdown$$0000000F      0x00000098   Section        6  libshutdown2.o(.ARM.Collect$$libshutdown$$0000000F)
    .ARM.Collect$$rtentry$$00000000          0x000000a0   Section        0  rtentry.o(.ARM.Collect$$rtentry$$00000000)
    .ARM.Collect$$rtentry$$00000002          0x000000a0   Section        0  rtentry2.o(.ARM.Collect$$rtentry$$00000002)
    .ARM.Collect$$rtentry$$00000004          0x000000a0   Section        8  rtentry4.o(.ARM.Collect$$rtentry$$00000004)
    .ARM.Collect$$rtentry$$00000009          0x000000a8   Section        0  rtentry2.o(.ARM.Collect$$rtentry$$00000009)
    .ARM.Collect$$rtentry$$0000000A          0x000000a8   Section        4  rtentry2.o(.ARM.Collect$$rtentry$$0000000A)
    .ARM.Collect$$rtentry$$0000000C          0x000000ac   Section        0  rtentry2.o(.ARM.Collect$$rtentry$$0000000C)
    .ARM.Collect$$rtentry$$0000000D          0x000000ac   Section       40  rtentry2.o(.ARM.Collect$$rtentry$$0000000D)
    .ARM.Collect$$rtexit$$00000000           0x000000d8   Section        4  rtexit.o(.ARM.Collect$$rtexit$$00000000)
    .ARM.Collect$$rtexit$$00000002           0x000000dc   Section        0  rtexit2.o(.ARM.Collect$$rtexit$$00000002)
    .ARM.Collect$$rtexit$$00000003           0x000000dc   Section        4  rtexit2.o(.ARM.Collect$$rtexit$$00000003)
    .ARM.Collect$$rtexit$$00000004           0x000000e0   Section        8  rtexit2.o(.ARM.Collect$$rtexit$$00000004)
    .text                                    0x000000e8   Section       32  startup.o(.text)
    .text                                    0x00000108   Section        0  main.o(.text)
    .text                                    0x000004dc   Section      384  aeabi_sdiv.o(.text)
    __arm_div8                               0x00000508   ARM Code       0  aeabi_sdiv.o(.text)
    __arm_div5                               0x0000052c   ARM Code       0  aeabi_sdiv.o(.text)
    __arm_div2                               0x00000550   ARM Code       0  aeabi_sdiv.o(.text)
    __arm_div_large                          0x0000058c   ARM Code       0  aeabi_sdiv.o(.text)
    .text                                    0x0000065c   Section        0  heapauxi.o(.text)
    .text                                    0x00000664   Section       96  sys_stackheap_outer.o(.text)
    .text                                    0x000006c4   Section        0  exit.o(.text)
    .text                                    0x000006d0   Section       12  libspace.o(.text)
    .text                                    0x000006e4   Section        0  sys_exit.o(.text)
    .text                                    0x000006f0   Section       12  rt_fp_status_addr_intlibspace.o(.text)
    .text                                    0x000006fc   Section        4  use_no_semi.o(.text)
    .text                                    0x00000700   Section        0  indicate_semi.o(.text)
    x$fpl$d2f                                0x00000700   Section      108  d2f.o(x$fpl$d2f)
    x$fpl$ddiv                               0x0000076c   Section      736  ddiv.o(x$fpl$ddiv)
    ddiv_entry                               0x00000774   ARM Code       0  ddiv.o(x$fpl$ddiv)
    x$fpl$dflt                               0x00000a4c   Section       88  dflt_noclz.o(x$fpl$dflt)
    x$fpl$dfltu                              0x00000aa4   Section       12  dflt_noclz.o(x$fpl$dfltu)
    x$fpl$dmul                               0x00000ab0   Section      384  dmul.o(x$fpl$dmul)
    x$fpl$dnaninf                            0x00000c30   Section      192  dnaninf.o(x$fpl$dnaninf)
    x$fpl$dretinf                            0x00000cf0   Section       16  dretinf.o(x$fpl$dretinf)
    x$fpl$fadd                               0x00000d00   Section      196  faddsub_noclz.o(x$fpl$fadd)
    _fadd1                                   0x00000d0c   ARM Code       0  faddsub_noclz.o(x$fpl$fadd)
    x$fpl$ffixu                              0x00000dc4   Section       84  ffixu.o(x$fpl$ffixu)
    x$fpl$fflt                               0x00000e18   Section       92  fflt_noclz.o(x$fpl$fflt)
    x$fpl$ffltu                              0x00000e74   Section        8  fflt_noclz.o(x$fpl$ffltu)
    x$fpl$fmul                               0x00000e7c   Section      256  fmul.o(x$fpl$fmul)
    x$fpl$fnaninf                            0x00000f7c   Section      168  fnaninf.o(x$fpl$fnaninf)
    x$fpl$fpinit                             0x00001028   Section       24  fpinit.o(x$fpl$fpinit)
    x$fpl$fretinf                            0x00001040   Section       16  fretinf.o(x$fpl$fretinf)
    x$fpl$frsb                               0x00001050   Section       20  faddsub_noclz.o(x$fpl$frsb)
    x$fpl$fsub                               0x00001064   Section      304  faddsub_noclz.o(x$fpl$fsub)
    _fsub1                                   0x00001070   ARM Code       0  faddsub_noclz.o(x$fpl$fsub)
    x$fpl$usenofp                            0x00001194   Section        0  usenofp.o(x$fpl$usenofp)
    .bss                                     0x40000000   Section       96  libspace.o(.bss)
    HEAP                                     0x40000060   Section        0  startup.o(HEAP)
    STACK                                    0x40000060   Section     1160  startup.o(STACK)
    Heap_Mem                                 0x40000060   Data           0  startup.o(HEAP)
    Stack_Mem                                0x40000060   Data        1024  startup.o(STACK)
    Stack_Top                                0x400004e8   Data           0  startup.o(STACK)

    Global Symbols

    Symbol Name                              Value     Ov Type        Size  Object(Section)

    BuildAttributes$$THM_ISAv1$ARM_ISAv4$S$PE$A:L22$X:L11$S22$IEEE1$IW$USESV6$~STKCKD$USESV7$~SHL$OSPACE$ROPI$EBA8$UX$STANDARDLIB$REQ8$PRES8$EABIv2 0x00000000   Number         0  anon$$obj.o ABSOLUTE
    __ARM_use_no_argv                        0x00000000   Number         0  main.o ABSOLUTE
    __main                                   0x00000000   ARM Code       8  __main.o(!!!main)
    __ARM_exceptions_init                     - Undefined Weak Reference
    __alloca_initialize                       - Undefined Weak Reference
    __cpp_initialize__aeabi_                  - Undefined Weak Reference
    __cxa_finalize                            - Undefined Weak Reference
    __rt_locale                               - Undefined Weak Reference
    __sigvec_lookup                           - Undefined Weak Reference
    _atexit_init                              - Undefined Weak Reference
    _call_atexit_fns                          - Undefined Weak Reference
    _clock_init                               - Undefined Weak Reference
    _fp_trap_init                             - Undefined Weak Reference
    _fp_trap_shutdown                         - Undefined Weak Reference
    _get_lc_collate                           - Undefined Weak Reference
    _get_lc_ctype                             - Undefined Weak Reference
    _get_lc_monetary                          - Undefined Weak Reference
    _get_lc_numeric                           - Undefined Weak Reference
    _get_lc_time                              - Undefined Weak Reference
    _getenv_init                              - Undefined Weak Reference
    _handle_redirection                       - Undefined Weak Reference
    _init_alloc                               - Undefined Weak Reference
    _init_user_alloc                          - Undefined Weak Reference
    _initio                                   - Undefined Weak Reference
    _rand_init                                - Undefined Weak Reference
    _signal_finish                            - Undefined Weak Reference
    _signal_init                              - Undefined Weak Reference
    _terminate_alloc                          - Undefined Weak Reference
    _terminate_user_alloc                     - Undefined Weak Reference
    _terminateio                              - Undefined Weak Reference
    __scatterload                            0x00000008   ARM Code       0  __scatter.o(!!!scatter)
    __scatterload_rt2                        0x00000008   ARM Code      52  __scatter.o(!!!scatter)
    __scatterload_null                       0x0000001c   ARM Code       0  __scatter.o(!!!scatter)
    __scatterload_zeroinit                   0x00000044   ARM Code      44  __scatter_zi.o(!!handler_zi)
    Inline ARM to Thumb Veneer to __rt_lib_init 0x00000070   ARM Code       8  libinit.o(.ARM.Collect$$libinit$$00000000)
    __rt_lib_init                            0x00000079   Thumb Code     0  libinit.o(.ARM.Collect$$libinit$$00000000)
    __rt_lib_init_alloca_1                   0x0000007f   Thumb Code     0  libinit2.o(.ARM.Collect$$libinit$$0000002A)
    __rt_lib_init_argv_1                     0x0000007f   Thumb Code     0  libinit2.o(.ARM.Collect$$libinit$$00000028)
    __rt_lib_init_atexit_1                   0x0000007f   Thumb Code     0  libinit2.o(.ARM.Collect$$libinit$$00000017)
    __rt_lib_init_clock_1                    0x0000007f   Thumb Code     0  libinit2.o(.ARM.Collect$$libinit$$0000001D)
    __rt_lib_init_cpp_1                      0x0000007f   Thumb Code     0  libinit2.o(.ARM.Collect$$libinit$$0000002E)
    __rt_lib_init_exceptions_1               0x0000007f   Thumb Code     0  libinit2.o(.ARM.Collect$$libinit$$0000002C)
    __rt_lib_init_fp_trap_1                  0x0000007f   Thumb Code     0  libinit2.o(.ARM.Collect$$libinit$$0000001B)
    __rt_lib_init_getenv_1                   0x0000007f   Thumb Code     0  libinit2.o(.ARM.Collect$$libinit$$0000001F)
    __rt_lib_init_heap_1                     0x0000007f   Thumb Code     0  libinit2.o(.ARM.Collect$$libinit$$00000006)
    __rt_lib_init_lc_collate_1               0x0000007f   Thumb Code     0  libinit2.o(.ARM.Collect$$libinit$$0000000D)
    __rt_lib_init_lc_ctype_1                 0x0000007f   Thumb Code     0  libinit2.o(.ARM.Collect$$libinit$$0000000F)
    __rt_lib_init_lc_monetary_1              0x0000007f   Thumb Code     0  libinit2.o(.ARM.Collect$$libinit$$00000011)
    __rt_lib_init_lc_numeric_1               0x0000007f   Thumb Code     0  libinit2.o(.ARM.Collect$$libinit$$00000013)
    __rt_lib_init_lc_time_1                  0x0000007f   Thumb Code     0  libinit2.o(.ARM.Collect$$libinit$$00000015)
    __rt_lib_init_rand_1                     0x0000007f   Thumb Code     0  libinit2.o(.ARM.Collect$$libinit$$0000000A)
    __rt_lib_init_return                     0x0000007f   Thumb Code     0  libinit2.o(.ARM.Collect$$libinit$$0000002F)
    __rt_lib_init_signal_1                   0x0000007f   Thumb Code     0  libinit2.o(.ARM.Collect$$libinit$$00000019)
    __rt_lib_init_stdio_1                    0x0000007f   Thumb Code     0  libinit2.o(.ARM.Collect$$libinit$$00000021)
    __rt_lib_init_user_alloc_1               0x0000007f   Thumb Code     0  libinit2.o(.ARM.Collect$$libinit$$00000008)
    Inline ARM to Thumb Veneer to __rt_lib_shutdown 0x0000008c   ARM Code       8  libshutdown.o(.ARM.Collect$$libshutdown$$00000000)
    __rt_lib_shutdown                        0x00000095   Thumb Code     0  libshutdown.o(.ARM.Collect$$libshutdown$$00000000)
    __rt_lib_shutdown_fp_trap_1              0x00000099   Thumb Code     0  libshutdown2.o(.ARM.Collect$$libshutdown$$00000006)
    __rt_lib_shutdown_heap_1                 0x00000099   Thumb Code     0  libshutdown2.o(.ARM.Collect$$libshutdown$$0000000E)
    __rt_lib_shutdown_return                 0x00000099   Thumb Code     0  libshutdown2.o(.ARM.Collect$$libshutdown$$0000000F)
    __rt_lib_shutdown_signal_1               0x00000099   Thumb Code     0  libshutdown2.o(.ARM.Collect$$libshutdown$$00000009)
    __rt_lib_shutdown_stdio_1                0x00000099   Thumb Code     0  libshutdown2.o(.ARM.Collect$$libshutdown$$00000003)
    __rt_lib_shutdown_user_alloc_1           0x00000099   Thumb Code     0  libshutdown2.o(.ARM.Collect$$libshutdown$$0000000B)
    __rt_entry                               0x000000a0   ARM Code       0  rtentry.o(.ARM.Collect$$rtentry$$00000000)
    __rt_entry_presh_1                       0x000000a0   ARM Code       0  rtentry2.o(.ARM.Collect$$rtentry$$00000002)
    __rt_entry_sh                            0x000000a0   ARM Code       0  rtentry4.o(.ARM.Collect$$rtentry$$00000004)
    __rt_entry_li                            0x000000a8   ARM Code       0  rtentry2.o(.ARM.Collect$$rtentry$$0000000A)
    __rt_entry_postsh_1                      0x000000a8   ARM Code       0  rtentry2.o(.ARM.Collect$$rtentry$$00000009)
    __rt_entry_main                          0x000000ac   ARM Code       0  rtentry2.o(.ARM.Collect$$rtentry$$0000000D)
    __rt_entry_postli_1                      0x000000ac   ARM Code       0  rtentry2.o(.ARM.Collect$$rtentry$$0000000C)
    Inline Thumb to ARM Veneer to __rt_exit  0x000000d5   Thumb Code     4  rtexit.o(.ARM.Collect$$rtexit$$00000000)
    __rt_exit                                0x000000d8   ARM Code       0  rtexit.o(.ARM.Collect$$rtexit$$00000000)
    __rt_exit_ls                             0x000000dc   ARM Code       0  rtexit2.o(.ARM.Collect$$rtexit$$00000003)
    __rt_exit_prels_1                        0x000000dc   ARM Code       0  rtexit2.o(.ARM.Collect$$rtexit$$00000002)
    __rt_exit_exit                           0x000000e0   ARM Code       0  rtexit2.o(.ARM.Collect$$rtexit$$00000004)
    __user_initial_stackheap                 0x000000e8   ARM Code       0  startup.o(.text)
    SPI0                                     0x00000108   ARM Code      56  main.o(.text)
    Read_ADC_MCP3204                         0x00000140   ARM Code     164  main.o(.text)
    Init_SPI0                                0x000001e4   ARM Code      56  main.o(.text)
    delay_milliseconds                       0x0000021c   ARM Code      64  main.o(.text)
    lcd_cmd                                  0x0000025c   ARM Code      64  main.o(.text)
    lcd_data                                 0x0000029c   ARM Code      64  main.o(.text)
    lcd_init                                 0x000002dc   ARM Code      76  main.o(.text)
    str                                      0x00000328   ARM Code      40  main.o(.text)
    lcd_integer                              0x00000350   ARM Code     180  main.o(.text)
    Float_display                            0x00000404   ARM Code      96  main.o(.text)
    main                                     0x00000464   ARM Code      72  main.o(.text)
    __aeabi_idiv                             0x000004dc   ARM Code       0  aeabi_sdiv.o(.text)
    __aeabi_idivmod                          0x000004dc   ARM Code     384  aeabi_sdiv.o(.text)
    __use_two_region_memory                  0x0000065d   Thumb Code     2  heapauxi.o(.text)
    __rt_heap_escrow$2region                 0x0000065f   Thumb Code     2  heapauxi.o(.text)
    __rt_heap_expand$2region                 0x00000661   Thumb Code     2  heapauxi.o(.text)
    __user_setup_stackheap                   0x00000664   ARM Code      96  sys_stackheap_outer.o(.text)
    exit                                     0x000006c5   Thumb Code    12  exit.o(.text)
    __user_libspace                          0x000006d0   ARM Code      12  libspace.o(.text)
    __user_perproc_libspace                  0x000006d0   ARM Code       0  libspace.o(.text)
    __user_perthread_libspace                0x000006d0   ARM Code       0  libspace.o(.text)
    Inline ARM to Thumb Veneer to _sys_exit  0x000006dc   ARM Code       8  sys_exit.o(.text)
    _sys_exit                                0x000006e5   Thumb Code     8  sys_exit.o(.text)
    __rt_fp_status_addr                      0x000006f0   ARM Code      12  rt_fp_status_addr_intlibspace.o(.text)
    __I$use$semihosting                      0x000006fc   ARM Code       0  use_no_semi.o(.text)
    __use_no_semihosting_swi                 0x000006fc   ARM Code       4  use_no_semi.o(.text)
    __aeabi_d2f                              0x00000700   ARM Code       0  d2f.o(x$fpl$d2f)
    __semihosting_library_function           0x00000700   ARM Code       0  indicate_semi.o(.text)
    _d2f                                     0x00000700   ARM Code     108  d2f.o(x$fpl$d2f)
    __aeabi_ddiv                             0x0000076c   ARM Code       0  ddiv.o(x$fpl$ddiv)
    _ddiv                                    0x0000076c   ARM Code     600  ddiv.o(x$fpl$ddiv)
    __aeabi_i2d                              0x00000a4c   ARM Code       0  dflt_noclz.o(x$fpl$dflt)
    _dflt                                    0x00000a4c   ARM Code      88  dflt_noclz.o(x$fpl$dflt)
    __dflt_normalise                         0x00000a5c   ARM Code       0  dflt_noclz.o(x$fpl$dflt)
    __aeabi_ui2d                             0x00000aa4   ARM Code       0  dflt_noclz.o(x$fpl$dfltu)
    _dfltu                                   0x00000aa4   ARM Code      12  dflt_noclz.o(x$fpl$dfltu)
    __aeabi_dmul                             0x00000ab0   ARM Code       0  dmul.o(x$fpl$dmul)
    _dmul                                    0x00000ab0   ARM Code     372  dmul.o(x$fpl$dmul)
    __fpl_dnaninf                            0x00000c30   ARM Code     192  dnaninf.o(x$fpl$dnaninf)
    __fpl_dretinf                            0x00000cf0   ARM Code      16  dretinf.o(x$fpl$dretinf)
    __aeabi_fadd                             0x00000d00   ARM Code       0  faddsub_noclz.o(x$fpl$fadd)
    _fadd                                    0x00000d00   ARM Code     196  faddsub_noclz.o(x$fpl$fadd)
    __aeabi_f2uiz                            0x00000dc4   ARM Code       0  ffixu.o(x$fpl$ffixu)
    _ffixu                                   0x00000dc4   ARM Code      84  ffixu.o(x$fpl$ffixu)
    __aeabi_i2f                              0x00000e18   ARM Code       0  fflt_noclz.o(x$fpl$fflt)
    _fflt                                    0x00000e18   ARM Code      92  fflt_noclz.o(x$fpl$fflt)
    __fflt_normalise                         0x00000e24   ARM Code       0  fflt_noclz.o(x$fpl$fflt)
    __aeabi_ui2f                             0x00000e74   ARM Code       0  fflt_noclz.o(x$fpl$ffltu)
    _ffltu                                   0x00000e74   ARM Code       8  fflt_noclz.o(x$fpl$ffltu)
    __aeabi_fmul                             0x00000e7c   ARM Code       0  fmul.o(x$fpl$fmul)
    _fmul                                    0x00000e7c   ARM Code     256  fmul.o(x$fpl$fmul)
    __fpl_fnaninf                            0x00000f7c   ARM Code     168  fnaninf.o(x$fpl$fnaninf)
    Inline Thumb to ARM Veneer to _fp_init   0x00001025   Thumb Code     4  fpinit.o(x$fpl$fpinit)
    _fp_init                                 0x00001028   ARM Code      24  fpinit.o(x$fpl$fpinit)
    __fplib_config_pureend_doubles           0x00001038   ARM Code       0  fpinit.o(x$fpl$fpinit)
    __fpl_fretinf                            0x00001040   ARM Code      16  fretinf.o(x$fpl$fretinf)
    __aeabi_frsub                            0x00001050   ARM Code       0  faddsub_noclz.o(x$fpl$frsb)
    _frsb                                    0x00001050   ARM Code      20  faddsub_noclz.o(x$fpl$frsb)
    __aeabi_fsub                             0x00001064   ARM Code       0  faddsub_noclz.o(x$fpl$fsub)
    _fsub                                    0x00001064   ARM Code     304  faddsub_noclz.o(x$fpl$fsub)
    Region$$Table$$Base                      0x00001194   Number         0  anon$$obj.o(Region$$Table)
    __I$use$fp                               0x00001194   ARM Code       0  usenofp.o(x$fpl$usenofp)
    Region$$Table$$Limit                     0x000011a4   Number         0  anon$$obj.o(Region$$Table)
    __libspace_start                         0x40000000   Data          96  libspace.o(.bss)
    __temporary_stack_top$libspace           0x40000060   Data           0  libspace.o(.bss)



==============================================================================

Memory Map of the image

  Image Entry point : 0x00000000

  Load Region LR_1 (Base: 0x00000000, Size: 0x000011a4, Max: 0xffffffff, ABSOLUTE)

    Execution Region ER_RO (Base: 0x00000000, Size: 0x000011a4, Max: 0xffffffff, ABSOLUTE)

    Base Addr    Size         Type   Attr      Idx    E Section Name        Object

    0x00000000   0x00000008   Code   RO           53  * !!!main             c_t.l(__main.o)
    0x00000008   0x0000003c   Code   RO          259    !!!scatter          c_t.l(__scatter.o)
    0x00000044   0x0000002c   Code   RO          261    !!handler_zi        c_t.l(__scatter_zi.o)
    0x00000070   0x00000008   Ven    RO          127    .ARM.Collect$$libinit$$00000000  c_t.l(libinit.o)
    0x00000078   0x00000006   Code   RO          127    .ARM.Collect$$libinit$$00000000  c_t.l(libinit.o)
    0x0000007e   0x00000000   Code   RO          141    .ARM.Collect$$libinit$$00000006  c_t.l(libinit2.o)
    0x0000007e   0x00000000   Code   RO          143    .ARM.Collect$$libinit$$00000008  c_t.l(libinit2.o)
    0x0000007e   0x00000000   Code   RO          145    .ARM.Collect$$libinit$$0000000A  c_t.l(libinit2.o)
    0x0000007e   0x00000000   Code   RO          148    .ARM.Collect$$libinit$$0000000D  c_t.l(libinit2.o)
    0x0000007e   0x00000000   Code   RO          150    .ARM.Collect$$libinit$$0000000F  c_t.l(libinit2.o)
    0x0000007e   0x00000000   Code   RO          152    .ARM.Collect$$libinit$$00000011  c_t.l(libinit2.o)
    0x0000007e   0x00000000   Code   RO          154    .ARM.Collect$$libinit$$00000013  c_t.l(libinit2.o)
    0x0000007e   0x00000000   Code   RO          156    .ARM.Collect$$libinit$$00000015  c_t.l(libinit2.o)
    0x0000007e   0x00000000   Code   RO          158    .ARM.Collect$$libinit$$00000017  c_t.l(libinit2.o)
    0x0000007e   0x00000000   Code   RO          160    .ARM.Collect$$libinit$$00000019  c_t.l(libinit2.o)
    0x0000007e   0x00000000   Code   RO          162    .ARM.Collect$$libinit$$0000001B  c_t.l(libinit2.o)
    0x0000007e   0x00000000   Code   RO          164    .ARM.Collect$$libinit$$0000001D  c_t.l(libinit2.o)
    0x0000007e   0x00000000   Code   RO          166    .ARM.Collect$$libinit$$0000001F  c_t.l(libinit2.o)
    0x0000007e   0x00000000   Code   RO          168    .ARM.Collect$$libinit$$00000021  c_t.l(libinit2.o)
    0x0000007e   0x00000000   Code   RO          172    .ARM.Collect$$libinit$$00000028  c_t.l(libinit2.o)
    0x0000007e   0x00000000   Code   RO          174    .ARM.Collect$$libinit$$0000002A  c_t.l(libinit2.o)
    0x0000007e   0x00000000   Code   RO          176    .ARM.Collect$$libinit$$0000002C  c_t.l(libinit2.o)
    0x0000007e   0x00000000   Code   RO          178    .ARM.Collect$$libinit$$0000002E  c_t.l(libinit2.o)
    0x0000007e   0x0000000c   Code   RO          179    .ARM.Collect$$libinit$$0000002F  c_t.l(libinit2.o)
    0x0000008a   0x00000002   PAD
    0x0000008c   0x00000008   Ven    RO          217    .ARM.Collect$$libshutdown$$00000000  c_t.l(libshutdown.o)
    0x00000094   0x00000004   Code   RO          217    .ARM.Collect$$libshutdown$$00000000  c_t.l(libshutdown.o)
    0x00000098   0x00000000   Code   RO          244    .ARM.Collect$$libshutdown$$00000003  c_t.l(libshutdown2.o)
    0x00000098   0x00000000   Code   RO          247    .ARM.Collect$$libshutdown$$00000006  c_t.l(libshutdown2.o)
    0x00000098   0x00000000   Code   RO          250    .ARM.Collect$$libshutdown$$00000009  c_t.l(libshutdown2.o)
    0x00000098   0x00000000   Code   RO          252    .ARM.Collect$$libshutdown$$0000000B  c_t.l(libshutdown2.o)
    0x00000098   0x00000000   Code   RO          255    .ARM.Collect$$libshutdown$$0000000E  c_t.l(libshutdown2.o)
    0x00000098   0x00000006   Code   RO          256    .ARM.Collect$$libshutdown$$0000000F  c_t.l(libshutdown2.o)
    0x0000009e   0x00000002   PAD
    0x000000a0   0x00000000   Code   RO           83    .ARM.Collect$$rtentry$$00000000  c_t.l(rtentry.o)
    0x000000a0   0x00000000   Code   RO           98    .ARM.Collect$$rtentry$$00000002  c_t.l(rtentry2.o)
    0x000000a0   0x00000008   Code   RO          110    .ARM.Collect$$rtentry$$00000004  c_t.l(rtentry4.o)
    0x000000a8   0x00000000   Code   RO          100    .ARM.Collect$$rtentry$$00000009  c_t.l(rtentry2.o)
    0x000000a8   0x00000004   Code   RO          101    .ARM.Collect$$rtentry$$0000000A  c_t.l(rtentry2.o)
    0x000000ac   0x00000000   Code   RO          103    .ARM.Collect$$rtentry$$0000000C  c_t.l(rtentry2.o)
    0x000000ac   0x00000028   Code   RO          104    .ARM.Collect$$rtentry$$0000000D  c_t.l(rtentry2.o)
    0x000000d4   0x00000004   Ven    RO          131    .ARM.Collect$$rtexit$$00000000  c_t.l(rtexit.o)
    0x000000d8   0x00000004   Code   RO          131    .ARM.Collect$$rtexit$$00000000  c_t.l(rtexit.o)
    0x000000dc   0x00000000   Code   RO          185    .ARM.Collect$$rtexit$$00000002  c_t.l(rtexit2.o)
    0x000000dc   0x00000004   Code   RO          186    .ARM.Collect$$rtexit$$00000003  c_t.l(rtexit2.o)
    0x000000e0   0x00000008   Code   RO          187    .ARM.Collect$$rtexit$$00000004  c_t.l(rtexit2.o)
    0x000000e8   0x00000020   Code   RO            4    .text               startup.o
    0x00000108   0x000003d4   Code   RO           11    .text               main.o
    0x000004dc   0x00000180   Code   RO           35    .text               c_t.l(aeabi_sdiv.o)
    0x0000065c   0x00000006   Code   RO           51    .text               c_t.l(heapauxi.o)
    0x00000662   0x00000002   PAD
    0x00000664   0x00000060   Code   RO          114    .text               c_t.l(sys_stackheap_outer.o)
    0x000006c4   0x0000000c   Code   RO          116    .text               c_t.l(exit.o)
    0x000006d0   0x0000000c   Code   RO          128    .text               c_t.l(libspace.o)
    0x000006dc   0x00000008   Ven    RO          182    .text               c_t.l(sys_exit.o)
    0x000006e4   0x0000000c   Code   RO          182    .text               c_t.l(sys_exit.o)
    0x000006f0   0x0000000c   Code   RO          194    .text               c_t.l(rt_fp_status_addr_intlibspace.o)
    0x000006fc   0x00000004   Code   RO          206    .text               c_t.l(use_no_semi.o)
    0x00000700   0x00000000   Code   RO          208    .text               c_t.l(indicate_semi.o)
    0x00000700   0x0000006c   Code   RO           55    x$fpl$d2f           fz_ts.l(d2f.o)
    0x0000076c   0x000002e0   Code   RO           58    x$fpl$ddiv          fz_ts.l(ddiv.o)
    0x00000a4c   0x00000058   Code   RO           62    x$fpl$dflt          fz_ts.l(dflt_noclz.o)
    0x00000aa4   0x0000000c   Code   RO           61    x$fpl$dfltu         fz_ts.l(dflt_noclz.o)
    0x00000ab0   0x00000180   Code   RO           65    x$fpl$dmul          fz_ts.l(dmul.o)
    0x00000c30   0x000000c0   Code   RO           88    x$fpl$dnaninf       fz_ts.l(dnaninf.o)
    0x00000cf0   0x00000010   Code   RO           90    x$fpl$dretinf       fz_ts.l(dretinf.o)
    0x00000d00   0x000000c4   Code   RO           67    x$fpl$fadd          fz_ts.l(faddsub_noclz.o)
    0x00000dc4   0x00000054   Code   RO           73    x$fpl$ffixu         fz_ts.l(ffixu.o)
    0x00000e18   0x0000005c   Code   RO           78    x$fpl$fflt          fz_ts.l(fflt_noclz.o)
    0x00000e74   0x00000008   Code   RO           77    x$fpl$ffltu         fz_ts.l(fflt_noclz.o)
    0x00000e7c   0x00000100   Code   RO           81    x$fpl$fmul          fz_ts.l(fmul.o)
    0x00000f7c   0x000000a8   Code   RO           92    x$fpl$fnaninf       fz_ts.l(fnaninf.o)
    0x00001024   0x00000004   Ven    RO          180    x$fpl$fpinit        fz_ts.l(fpinit.o)
    0x00001028   0x00000018   Code   RO          180    x$fpl$fpinit        fz_ts.l(fpinit.o)
    0x00001040   0x00000010   Code   RO           94    x$fpl$fretinf       fz_ts.l(fretinf.o)
    0x00001050   0x00000014   Code   RO           68    x$fpl$frsb          fz_ts.l(faddsub_noclz.o)
    0x00001064   0x00000130   Code   RO           69    x$fpl$fsub          fz_ts.l(faddsub_noclz.o)
    0x00001194   0x00000000   Code   RO           96    x$fpl$usenofp       fz_ts.l(usenofp.o)
    0x00001194   0x00000010   Data   RO          257    Region$$Table       anon$$obj.o


    Execution Region ER_RW (Base: 0x40000000, Size: 0x00000000, Max: 0xffffffff, ABSOLUTE)

    **** No section assigned to this execution region ****


    Execution Region ER_ZI (Base: 0x40000000, Size: 0x000004e8, Max: 0xffffffff, ABSOLUTE)

    Base Addr    Size         Type   Attr      Idx    E Section Name        Object

    0x40000000   0x00000060   Zero   RW          129    .bss                c_t.l(libspace.o)
    0x40000060   0x00000000   Zero   RW            2    HEAP                startup.o
    0x40000060   0x00000488   Zero   RW            1    STACK               startup.o


==============================================================================

Image component sizes


      Code (inc. data)   RO Data    RW Data    ZI Data      Debug   Object Name

       980         48          0          0          0       5074   main.o
        32         12          0          0       1160        208   startup.o

    ----------------------------------------------------------------------
      1012         60         16          0       1160       5282   Object Totals
         0          0         16          0          0          0   (incl. Generated)
         0          0          0          0          0          0   (incl. Padding)

    ----------------------------------------------------------------------

      Code (inc. data)   RO Data    RW Data    ZI Data      Debug   Library Member Name

         8          0          0          0          0         68   __main.o
        60          8          0          0          0          0   __scatter.o
        44          0          0          0          0          0   __scatter_zi.o
       384          0          0          0          0         80   aeabi_sdiv.o
        12          0          0          0          0         64   exit.o
         6          0          0          0          0        136   heapauxi.o
         0          0          0          0          0          0   indicate_semi.o
        14          0          0          0          0          0   libinit.o
        12          0          0          0          0          0   libinit2.o
        12          0          0          0          0          0   libshutdown.o
         6          0          0          0          0          0   libshutdown2.o
        12          4          0          0         96         68   libspace.o
        12          4          0          0          0         68   rt_fp_status_addr_intlibspace.o
         0          0          0          0          0          0   rtentry.o
        44          4          0          0          0          0   rtentry2.o
         8          0          0          0          0          0   rtentry4.o
         8          0          0          0          0          0   rtexit.o
        12          0          0          0          0          0   rtexit2.o
        20          4          0          0          0         60   sys_exit.o
        96          0          0          0          0         80   sys_stackheap_outer.o
         4          0          0          0          0         68   use_no_semi.o
       108          4          0          0          0         92   d2f.o
       736        140          0          0          0        232   ddiv.o
       100          0          0          0          0        136   dflt_noclz.o
       384         16          0          0          0        124   dmul.o
       192          0          0          0          0        108   dnaninf.o
        16          0          0          0          0         68   dretinf.o
       520          8          0          0          0        236   faddsub_noclz.o
        84          4          0          0          0         84   ffixu.o
       100          0          0          0          0        136   fflt_noclz.o
       256          4          0          0          0         84   fmul.o
       168          0          0          0          0        100   fnaninf.o
        28          0          0          0          0         80   fpinit.o
        16          0          0          0          0         68   fretinf.o
         0          0          0          0          0          0   usenofp.o

    ----------------------------------------------------------------------
      3488        200          0          0         96       2240   Library Totals
         6          0          0          0          0          0   (incl. Padding)

    ----------------------------------------------------------------------

      Code (inc. data)   RO Data    RW Data    ZI Data      Debug   Library Name

       774         24          0          0         96        692   c_t.l
      2708        176          0          0          0       1548   fz_ts.l

    ----------------------------------------------------------------------
      3488        200          0          0         96       2240   Library Totals

    ----------------------------------------------------------------------

==============================================================================


      Code (inc. data)   RO Data    RW Data    ZI Data      Debug   

      4500        260         16          0       1256       6290   Grand Totals
      4500        260         16          0       1256       6290   ELF Image Totals
      4500        260         16          0          0          0   ROM Totals

==============================================================================

    Total RO  Size (Code + RO Data)                 4516 (   4.41kB)
    Total RW  Size (RW Data + ZI Data)              1256 (   1.23kB)
    Total ROM Size (Code + RO Data + RW Data)       4516 (   4.41kB)

==============================================================================

