<html>
<body>
<pre>
<h1>µVision Build Log</h1>
<h2>Project:</h2>
E:\v23ce6v2\Embedded Projects\TASKS\1\LED.uvproj
Project File Date:  06/22/2024

<h2>Output:</h2>
Rebuild target 'Target 1'
assembling Startup.s...
compiling start.cpp...
linking...
FromELF: creating hex file...
LED: Error: Q0122E: Could not open file 'LED.axf': No such file or directory
Target not created
Rebuild target 'Target 1'
assembling Startup.s...
compiling start.cpp...
linking...
FromELF: creating hex file...
LED: Error: Q0122E: Could not open file 'LED.axf': No such file or directory
Target not created
Rebuild target 'Target 1'
assembling Startup.s...
compiling start.cpp...
linking...
Program Size: Code=1204 RO-data=36 RW-data=12 ZI-data=1260  
FromELF: creating hex file...
"LED.axf" - 0 Error(s), 0 Warning(s).
Rebuild target 'Target 1'
assembling Startup.s...
compiling start.cpp...
linking...
Program Size: Code=1204 RO-data=36 RW-data=12 ZI-data=1260  
FromELF: creating hex file...
"LED.axf" - 0 Error(s), 0 Warning(s).
Rebuild target 'Target 1'
assembling Startup.s...
compiling start.cpp...
linking...
LED.axf: error: L6002U: Could not open file ENTRY: No such file or directory
Target not created
Rebuild target 'Target 1'
assembling Startup.s...
compiling start.cpp...
linking...
LED.axf: error: L6002U: Could not open file ENTRY: No such file or directory
Target not created
Rebuild target 'Target 1'
assembling Startup.s...
compiling start.cpp...
linking...
LED.axf: error: L6002U: Could not open file ENTRY: No such file or directory
Target not created
Rebuild target 'Target 1'
assembling Startup.s...
compiling start.cpp...
linking...
LED.axf: error: L6002U: Could not open file ENTRY: No such file or directory
Target not created
Rebuild target 'Target 1'
assembling Startup.s...
compiling start.cpp...
linking...
LED.axf: error: L6002U: Could not open file ENTRY: No such file or directory
Target not created
Rebuild target 'Target 1'
assembling Startup.s...
compiling start.cpp...
linking...
LED.axf: Error: L6218E: Undefined symbol main (referred from rtentry2.o).
Target not created
Rebuild target 'Target 1'
assembling Startup.s...
compiling start.cpp...
linking...
LED.axf: Error: L6218E: Undefined symbol main (referred from rtentry2.o).
Target not created
Rebuild target 'Target 1'
assembling Startup.s...
compiling start.cpp...
linking...
LED.axf: Error: L6218E: Undefined symbol main (referred from rtentry2.o).
Target not created
Rebuild target 'Target 1'
assembling Startup.s...
compiling start.cpp...
linking...
FromELF: creating hex file...
LED: Error: Q0122E: Could not open file 'LED.axf': No such file or directory
Target not created
Rebuild target 'Target 1'
assembling Startup.s...
compiling start.cpp...
linking...
FromELF: creating hex file...
LED: Error: Q0122E: Could not open file 'LED.axf': No such file or directory
Target not created
Rebuild target 'Target 1'
assembling Startup.s...
compiling start.cpp...
linking...
FromELF: creating hex file...
LED: Error: Q0122E: Could not open file 'LED.axf': No such file or directory
Target not created
