<html>
<body>
<pre>
<h1>µVision Build Log</h1>
<h2>Project:</h2>
E:\v23ce6v2\Embedded Projects\UART\UART.uvproj
Project File Date:  04/17/2024

<h2>Output:</h2>
Build target 'Target 1'
assembling Startup.s...
compiling uart.c...
uart.c(18): warning:  #1-D: last line of file ends without a newline
linking...
Program Size: Code=564 RO-data=16 RW-data=0 ZI-data=1256  
"UART.axf" - 0 Error(s), 1 Warning(s).
Build target 'Target 1'
assembling Startup.s...
compiling uart.c...
linking...
Program Size: Code=564 RO-data=16 RW-data=0 ZI-data=1256  
"UART.axf" - 0 Error(s), 0 Warning(s).
Build target 'Target 1'
assembling Startup.s...
compiling uart.c...
linking...
Program Size: Code=836 RO-data=16 RW-data=0 ZI-data=1256  
FromELF: creating hex file...
"UART.axf" - 0 Error(s), 0 Warning(s).
Build target 'Target 1'
assembling Startup.s...
compiling uart.c...
linking...
Program Size: Code=836 RO-data=16 RW-data=0 ZI-data=1256  
FromELF: creating hex file...
"UART.axf" - 0 Error(s), 0 Warning(s).
Build target 'Target 1'
assembling Startup.s...
compiling uart.c...
linking...
Program Size: Code=836 RO-data=16 RW-data=0 ZI-data=1256  
FromELF: creating hex file...
"UART.axf" - 0 Error(s), 0 Warning(s).
