<html>
<body>
<pre>
<h1>µVision Build Log</h1>
<h2>Project:</h2>
E:\v23ce6v2\Embedded Projects\SWITCH DEBOUCE\switch_debounce.uvproj
Project File Date:  03/29/2024

<h2>Output:</h2>
Build target 'Target 1'
assembling Startup.s...
compiling switch_debounce.c...
linking...
Program Size: Code=3416 RO-data=16 RW-data=0 ZI-data=1256  
FromELF: creating hex file...
"switch_debounce.axf" - 0 Error(s), 0 Warning(s).
Build target 'Target 1'
assembling Startup.s...
compiling switch_debounce.c...
linking...
Program Size: Code=3416 RO-data=16 RW-data=0 ZI-data=1256  
FromELF: creating hex file...
"switch_debounce.axf" - 0 Error(s), 0 Warning(s).
Build target 'Target 1'
assembling Startup.s...
compiling switch_debounce.c...
linking...
Program Size: Code=3416 RO-data=16 RW-data=0 ZI-data=1256  
FromELF: creating hex file...
"switch_debounce.axf" - 0 Error(s), 0 Warning(s).
Build target 'Target 1'
assembling Startup.s...
compiling switch_debounce.c...
linking...
Program Size: Code=3416 RO-data=16 RW-data=0 ZI-data=1256  
FromELF: creating hex file...
"switch_debounce.axf" - 0 Error(s), 0 Warning(s).
