<html>
<body>
<pre>
<h1>µVision Build Log</h1>
<h2>Project:</h2>
E:\v23ce6v2\Embedded Projects\MULTI LEVEL SECURITY SYSTEM\MLSS.uvproj
Project File Date:  05/27/2024

<h2>Output:</h2>
Build target 'Target 1'
assembling Startup.s...
compiling main.c...
linking...
Program Size: Code=7040 RO-data=304 RW-data=84 ZI-data=1260  
FromELF: creating hex file...
"MLSS.axf" - 0 Error(s), 0 Warning(s).
Build target 'Target 1'
assembling Startup.s...
compiling main.c...
linking...
Program Size: Code=7040 RO-data=304 RW-data=84 ZI-data=1260  
FromELF: creating hex file...
"MLSS.axf" - 0 Error(s), 0 Warning(s).
