<html>
<body>
<pre>
<h1>µVision Build Log</h1>
<h2>Project:</h2>
E:\v23ce6v2\Embedded Projects\I2C_EEPROM\I2C.uvproj
Project File Date:  05/16/2024

<h2>Output:</h2>
Build target 'Target 1'
assembling Startup.s...
compiling main2.c...
compiling i2c_eeprom.c...
linking...
I2C.axf: Error: L6218E: Undefined symbol delay_ms (referred from main2.o).
I2C.axf: Error: L6218E: Undefined symbol init_i2c (referred from main2.o).
I2C.axf: Error: L6218E: Undefined symbol i2c_masterack (referred from i2c_eeprom.o).
I2C.axf: Error: L6218E: Undefined symbol i2c_nack (referred from i2c_eeprom.o).
I2C.axf: Error: L6218E: Undefined symbol i2c_restart (referred from i2c_eeprom.o).
I2C.axf: Error: L6218E: Undefined symbol i2c_start (referred from i2c_eeprom.o).
I2C.axf: Error: L6218E: Undefined symbol i2c_stop (referred from i2c_eeprom.o).
I2C.axf: Error: L6218E: Undefined symbol i2c_write (referred from i2c_eeprom.o).
Target not created
Build target 'Target 1'
assembling Startup.s...
compiling main2.c...
compiling i2c_eeprom.c...
compiling i2c.c...
linking...
I2C.axf: Error: L6218E: Undefined symbol delay_ms (referred from main2.o).
Target not created
Build target 'Target 1'
assembling Startup.s...
compiling main2.c...
compiling i2c_eeprom.c...
compiling i2c.c...
compiling delay.c...
linking...
Program Size: Code=1612 RO-data=16 RW-data=0 ZI-data=1256  
FromELF: creating hex file...
"I2C.axf" - 0 Error(s), 0 Warning(s).
