<html>
<body>
<pre>
<h1>µVision Build Log</h1>
<h2>Project:</h2>
E:\v23ce6v2\Embedded Projects\INTERRUPTS\interuppts.uvproj
Project File Date:  04/12/2024

<h2>Output:</h2>
Rebuild target 'Target 1'
assembling Startup.s...
linking...
interuppts.axf: Warning: L6665W: Neither Lib$$Request$$armlib Lib$$Request$$cpplib defined, not searching ARM libraries.
interuppts.axf: Error: L6411E: No compatible library exists with a definition of startup symbol __main.
Target not created
Rebuild target 'Target 1'
assembling Startup.s...
linking...
interuppts.axf: Warning: L6665W: Neither Lib$$Request$$armlib Lib$$Request$$cpplib defined, not searching ARM libraries.
interuppts.axf: Error: L6411E: No compatible library exists with a definition of startup symbol __main.
Target not created
Rebuild target 'Target 1'
assembling Startup.s...
linking...
interuppts.axf: Warning: L6665W: Neither Lib$$Request$$armlib Lib$$Request$$cpplib defined, not searching ARM libraries.
interuppts.axf: Error: L6411E: No compatible library exists with a definition of startup symbol __main.
Target not created
Rebuild target 'Target 1'
assembling Startup.s...
compiling interupts.c...
linking...
Program Size: Code=852 RO-data=16 RW-data=0 ZI-data=1256  
FromELF: creating hex file...
"interuppts.axf" - 0 Error(s), 0 Warning(s).
Rebuild target 'Target 1'
assembling Startup.s...
compiling interupts.c...
interupts.c(9): warning:  #1267-D: Implicit physical register R0 should be defined as a variable
linking...
Program Size: Code=864 RO-data=16 RW-data=0 ZI-data=1256  
FromELF: creating hex file...
"interuppts.axf" - 0 Error(s), 1 Warning(s).
Rebuild target 'Target 1'
assembling Startup.s...
compiling interupts.c...
interupts.c(9): warning:  #1267-D: Implicit physical register R0 should be defined as a variable
linking...
Program Size: Code=864 RO-data=16 RW-data=0 ZI-data=1256  
FromELF: creating hex file...
"interuppts.axf" - 0 Error(s), 1 Warning(s).
Rebuild target 'Target 1'
assembling Startup.s...
compiling interupts.c...
interupts.c(9): warning:  #1267-D: Implicit physical register R0 should be defined as a variable
linking...
Program Size: Code=864 RO-data=16 RW-data=0 ZI-data=1256  
FromELF: creating hex file...
"interuppts.axf" - 0 Error(s), 1 Warning(s).
Rebuild target 'Target 1'
assembling Startup.s...
compiling interupts.c...
linking...
Program Size: Code=904 RO-data=16 RW-data=0 ZI-data=1256  
FromELF: creating hex file...
"interuppts.axf" - 0 Error(s), 0 Warning(s).
Rebuild target 'Target 1'
assembling Startup.s...
compiling interupts.c...
linking...
Program Size: Code=896 RO-data=16 RW-data=0 ZI-data=1256  
FromELF: creating hex file...
"interuppts.axf" - 0 Error(s), 0 Warning(s).
Rebuild target 'Target 1'
assembling Startup.s...
compiling interupts.c...
interupts.c(11): warning:  #1267-D: Implicit physical register R0 should be defined as a variable
linking...
Program Size: Code=908 RO-data=16 RW-data=0 ZI-data=1256  
FromELF: creating hex file...
"interuppts.axf" - 0 Error(s), 1 Warning(s).
Build target 'Target 1'
compiling interupts.c...
interupts.c(3): warning:  #1207-D: attribute "interrupt" ignored
interupts.c(14): warning:  #1267-D: Implicit physical register R0 should be defined as a variable
linking...
Program Size: Code=900 RO-data=16 RW-data=0 ZI-data=1256  
FromELF: creating hex file...
"interuppts.axf" - 0 Error(s), 2 Warning(s).
Rebuild target 'Target 1'
assembling Startup.s...
compiling interupts.c...
interupts.c(3): warning:  #1207-D: attribute "interrupt" ignored
interupts.c(14): warning:  #1267-D: Implicit physical register R0 should be defined as a variable
linking...
Program Size: Code=900 RO-data=16 RW-data=0 ZI-data=1256  
FromELF: creating hex file...
"interuppts.axf" - 0 Error(s), 2 Warning(s).
Rebuild target 'Target 1'
assembling Startup.s...
compiling interupts.c...
interupts.c(1): error:  #5: cannot open source input file "lpc212x.h": No such file or directory
Target not created
Rebuild target 'Target 1'
assembling Startup.s...
compiling interupts.c...
interupts.c(5): warning:  #1207-D: attribute "interrupt" ignored
interupts.c(15): warning:  #1267-D: Implicit physical register R0 should be defined as a variable
interupts.c(40): warning:  #111-D: statement is unreachable
linking...
Program Size: Code=952 RO-data=16 RW-data=0 ZI-data=1256  
FromELF: creating hex file...
"interuppts.axf" - 0 Error(s), 3 Warning(s).
Build target 'Target 1'
compiling interupts.c...
interupts.c(5): warning:  #1207-D: attribute "interrupt" ignored
interupts.c(15): warning:  #1267-D: Implicit physical register R0 should be defined as a variable
linking...
Program Size: Code=952 RO-data=16 RW-data=0 ZI-data=1256  
FromELF: creating hex file...
"interuppts.axf" - 0 Error(s), 2 Warning(s).
Rebuild target 'Target 1'
assembling Startup.s...
compiling interupts.c...
interupts.c(5): warning:  #1207-D: attribute "interrupt" ignored
interupts.c(15): warning:  #1267-D: Implicit physical register R0 should be defined as a variable
linking...
Program Size: Code=944 RO-data=16 RW-data=0 ZI-data=1256  
FromELF: creating hex file...
"interuppts.axf" - 0 Error(s), 2 Warning(s).
Build target 'Target 1'
compiling interupts.c...
interupts.c(5): warning:  #1207-D: attribute "interrupt" ignored
interupts.c(14): error:  #20: identifier "F_BIT" is undefined
interupts.c(16): error:  #268: declaration may not appear after executable statement in block
Target not created
Build target 'Target 1'
compiling interupts.c...
interupts.c(5): warning:  #1207-D: attribute "interrupt" ignored
linking...
Program Size: Code=932 RO-data=16 RW-data=0 ZI-data=1256  
FromELF: creating hex file...
"interuppts.axf" - 0 Error(s), 1 Warning(s).
Rebuild target 'Target 1'
assembling Startup.s...
compiling interupts.c...
interupts.c(4): error:  #5: cannot open source input file "lpc2129.h": No such file or directory
Target not created
Rebuild target 'Target 1'
assembling Startup.s...
compiling interupts.c...
interupts.c(6): warning:  #1207-D: attribute "interrupt" ignored
interupts.c(17): warning:  #1267-D: Implicit physical register R0 should be defined as a variable
interupts.c(32): warning:  #111-D: statement is unreachable
linking...
Program Size: Code=868 RO-data=16 RW-data=0 ZI-data=1256  
FromELF: creating hex file...
"interuppts.axf" - 0 Error(s), 3 Warning(s).
Build target 'Target 1'
compiling interupts.c...
interupts.c(6): warning:  #1207-D: attribute "interrupt" ignored
interupts.c(17): warning:  #1267-D: Implicit physical register R0 should be defined as a variable
linking...
Program Size: Code=868 RO-data=16 RW-data=0 ZI-data=1256  
FromELF: creating hex file...
"interuppts.axf" - 0 Error(s), 2 Warning(s).
Build target 'Target 1'
linking...
Program Size: Code=868 RO-data=16 RW-data=0 ZI-data=1256  
FromELF: creating hex file...
"interuppts.axf" - 0 Error(s), 0 Warning(s).
Rebuild target 'Target 1'
assembling Startup.s...
compiling interupts.c...
interupts.c(6): warning:  #1207-D: attribute "interrupt" ignored
interupts.c(17): warning:  #1267-D: Implicit physical register R0 should be defined as a variable
linking...
Program Size: Code=932 RO-data=16 RW-data=0 ZI-data=1256  
FromELF: creating hex file...
"interuppts.axf" - 0 Error(s), 2 Warning(s).
Rebuild target 'Target 1'
assembling Startup.s...
compiling interupts.c...
interupts.c(6): warning:  #1207-D: attribute "interrupt" ignored
interupts.c(17): warning:  #1267-D: Implicit physical register R0 should be defined as a variable
linking...
Program Size: Code=924 RO-data=16 RW-data=0 ZI-data=1256  
FromELF: creating hex file...
"interuppts.axf" - 0 Error(s), 2 Warning(s).
Build target 'Target 1'
compiling interupts.c...
interupts.c(1): error:  #5: cannot open source input file "lpc212x.h": No such file or directory
Target not created
Build target 'Target 1'
compiling interupts.c...
interupts.c(5): warning:  #1207-D: attribute "interrupt" ignored
interupts.c(7): error:  #268: declaration may not appear after executable statement in block
interupts.c(19): warning:  #1267-D: Implicit physical register R0 should be defined as a variable
interupts.c(34): warning:  #111-D: statement is unreachable
Target not created
Build target 'Target 1'
compiling interupts.c...
interupts.c(5): warning:  #1207-D: attribute "interrupt" ignored
interupts.c(7): error:  #268: declaration may not appear after executable statement in block
interupts.c(19): warning:  #1267-D: Implicit physical register R0 should be defined as a variable
Target not created
Rebuild target 'Target 1'
assembling Startup.s...
compiling interupts.c...
interupts.c(5): warning:  #1207-D: attribute "interrupt" ignored
interupts.c(7): error:  #268: declaration may not appear after executable statement in block
interupts.c(19): warning:  #1267-D: Implicit physical register R0 should be defined as a variable
Target not created
Build target 'Target 1'
compiling interupts.c...
interupts.c(5): warning:  #1207-D: attribute "interrupt" ignored
interupts.c(7): error:  #268: declaration may not appear after executable statement in block
interupts.c(19): warning:  #1267-D: Implicit physical register R0 should be defined as a variable
Target not created
Rebuild target 'Target 1'
assembling Startup.s...
compiling interupts.c...
interupts.c(1): error:  #5: cannot open source input file "lpc212x.h": No such file or directory
Target not created
Rebuild target 'Target 1'
assembling Startup.s...
compiling interupts.c...
interupts.c(5): warning:  #1207-D: attribute "interrupt" ignored
interupts.c(35): warning:  #111-D: statement is unreachable
linking...
Program Size: Code=916 RO-data=16 RW-data=0 ZI-data=1256  
FromELF: creating hex file...
"interuppts.axf" - 0 Error(s), 2 Warning(s).
Rebuild target 'Target 1'
assembling Startup.s...
compiling interupts.c...
interupts.c(5): warning:  #1207-D: attribute "interrupt" ignored
interupts.c(35): warning:  #111-D: statement is unreachable
linking...
Program Size: Code=908 RO-data=16 RW-data=0 ZI-data=1256  
FromELF: creating hex file...
"interuppts.axf" - 0 Error(s), 2 Warning(s).
Rebuild target 'Target 1'
assembling Startup.s...
Startup.s(444): error: A1137E: Unexpected characters at end of line
Startup.s(447): error: A1167E: Invalid line start 
Startup.s(449): error: A1108E: Multiply defined symbol 'FIQ_Handler'
Startup.s(452): error: A1167E: Invalid line start 
Startup.s(458): error: A1167E: Invalid line start 
compiling interupts.c...
interupts.c(5): warning:  #1207-D: attribute "interrupt" ignored
interupts.c(35): warning:  #111-D: statement is unreachable
Target not created
Rebuild target 'Target 1'
assembling Startup.s...
compiling interupts.c...
interupts.c(5): warning:  #1207-D: attribute "interrupt" ignored
interupts.c(35): warning:  #111-D: statement is unreachable
linking...
Program Size: Code=908 RO-data=16 RW-data=0 ZI-data=1256  
FromELF: creating hex file...
"interuppts.axf" - 0 Error(s), 2 Warning(s).
