Rebuild target 'Target 1'
assembling Startup.s...
compiling newlcd.c...
LCD\newlcd.c(38): warning:  #167-D: argument of type "unsigned char *" is incompatible with parameter of type "const char *"
linking...
LCD.axf: Error: L6218E: Undefined symbol main (referred from rtentry2.o).
Target not created
Rebuild target 'Target 1'
assembling Startup.s...
compiling newlcd.c...
LCD\newlcd.c(38): warning:  #167-D: argument of type "unsigned char *" is incompatible with parameter of type "const char *"
linking...
Program Size: Code=3148 RO-data=16 RW-data=0 ZI-data=1256  
FromELF: creating hex file...
"LCD.axf" - 0 Error(s), 1 Warning(s).
Rebuild target 'Target 1'
assembling Startup.s...
compiling newlcd.c...
LCD\newlcd.c(38): warning:  #167-D: argument of type "unsigned char *" is incompatible with parameter of type "const char *"
linking...
Program Size: Code=3148 RO-data=16 RW-data=0 ZI-data=1256  
FromELF: creating hex file...
"LCD.axf" - 0 Error(s), 1 Warning(s).
Rebuild target 'Target 1'
assembling Startup.s...
compiling newlcd.c...
LCD\newlcd.c(38): warning:  #167-D: argument of type "unsigned char *" is incompatible with parameter of type "const char *"
compiling lcd4bit.c...
linking...
Program Size: Code=3148 RO-data=16 RW-data=0 ZI-data=1256  
FromELF: creating hex file...
"LCD.axf" - 0 Error(s), 1 Warning(s).
Rebuild target 'Target 1'
assembling Startup.s...
compiling newlcd.c...
LCD\newlcd.c(38): warning:  #167-D: argument of type "unsigned char *" is incompatible with parameter of type "const char *"
compiling lcd4bit.c...
linking...
Program Size: Code=3148 RO-data=16 RW-data=0 ZI-data=1256  
FromELF: creating hex file...
"LCD.axf" - 0 Error(s), 1 Warning(s).
Rebuild target 'Target 1'
assembling Startup.s...
compiling newlcd.c...
LCD\newlcd.c(38): warning:  #167-D: argument of type "unsigned char *" is incompatible with parameter of type "const char *"
compiling lcd4bit.c...
linking...
Program Size: Code=3148 RO-data=16 RW-data=0 ZI-data=1256  
FromELF: creating hex file...
"LCD.axf" - 0 Error(s), 1 Warning(s).
Rebuild target 'Target 1'
assembling Startup.s...
compiling newlcd.c...
LCD\newlcd.c(38): warning:  #167-D: argument of type "unsigned char *" is incompatible with parameter of type "const char *"
compiling lcd4bit.c...
linking...
Program Size: Code=3148 RO-data=16 RW-data=0 ZI-data=1256  
FromELF: creating hex file...
"LCD.axf" - 0 Error(s), 1 Warning(s).
Rebuild target 'Target 1'
assembling Startup.s...
compiling newlcd.c...
LCD\newlcd.c(38): warning:  #167-D: argument of type "unsigned char *" is incompatible with parameter of type "const char *"
compiling lcd4bit.c...
linking...
Program Size: Code=3148 RO-data=16 RW-data=0 ZI-data=1256  
FromELF: creating hex file...
"LCD.axf" - 0 Error(s), 1 Warning(s).
Build target 'Target 1'
linking...
LCD.axf: Error: L6218E: Undefined symbol main (referred from rtentry2.o).
Target not created
Build target 'Target 1'
linking...
LCD.axf: Error: L6218E: Undefined symbol main (referred from rtentry2.o).
Target not created
Rebuild target 'Target 1'
assembling Startup.s...
compiling lcd4bit.c...
linking...
LCD.axf: Error: L6218E: Undefined symbol main (referred from rtentry2.o).
Target not created
Build target 'Target 1'
linking...
LCD.axf: Error: L6218E: Undefined symbol main (referred from rtentry2.o).
Target not created
Rebuild target 'Target 1'
assembling Startup.s...
compiling lcd4bit.c...
linking...
LCD.axf: Error: L6218E: Undefined symbol main (referred from rtentry2.o).
Target not created
Build target 'Target 1'
compiling 4_bitLCD.c...
4_bitLCD.c(38): warning:  #167-D: argument of type "unsigned char *" is incompatible with parameter of type "const char *"
linking...
Program Size: Code=3272 RO-data=16 RW-data=0 ZI-data=1256  
FromELF: creating hex file...
"LCD.axf" - 0 Error(s), 1 Warning(s).
Build target 'Target 1'
linking...
Program Size: Code=3272 RO-data=16 RW-data=0 ZI-data=1256  
FromELF: creating hex file...
"LCD.axf" - 0 Error(s), 0 Warning(s).
Rebuild target 'Target 1'
assembling Startup.s...
compiling 4_bitLCD.c...
lcdheader.h(30): warning:  #167-D: argument of type "unsigned char *" is incompatible with parameter of type "const char *"
4_bitLCD.c(7): warning:  #1-D: last line of file ends without a newline
linking...
Program Size: Code=3272 RO-data=16 RW-data=0 ZI-data=1256  
FromELF: creating hex file...
"LCD.axf" - 0 Error(s), 2 Warning(s).
Rebuild target 'Target 1'
assembling Startup.s...
compiling 4_bitLCD.c...
lcdheader.h(30): warning:  #167-D: argument of type "unsigned char *" is incompatible with parameter of type "const char *"
linking...
Program Size: Code=3272 RO-data=16 RW-data=0 ZI-data=1256  
FromELF: creating hex file...
"LCD.axf" - 0 Error(s), 1 Warning(s).
Rebuild target 'Target 1'
assembling Startup.s...
compiling 4_bitLCD.c...
lcdheader.h(30): warning:  #167-D: argument of type "unsigned char *" is incompatible with parameter of type "const char *"
linking...
Program Size: Code=3272 RO-data=16 RW-data=0 ZI-data=1256  
FromELF: creating hex file...
"LCD.axf" - 0 Error(s), 1 Warning(s).
Build target 'Target 1'
compiling 4_bitLCD.c...
lcdheader.h(30): warning:  #167-D: argument of type "unsigned char *" is incompatible with parameter of type "const char *"
linking...
Program Size: Code=3272 RO-data=16 RW-data=0 ZI-data=1256  
FromELF: creating hex file...
"LCD.axf" - 0 Error(s), 1 Warning(s).
Build target 'Target 1'
linking...
Program Size: Code=3272 RO-data=16 RW-data=0 ZI-data=1256  
FromELF: creating hex file...
"LCD.axf" - 0 Error(s), 0 Warning(s).
Build target 'Target 1'
linking...
Program Size: Code=3272 RO-data=16 RW-data=0 ZI-data=1256  
FromELF: creating hex file...
"LCD1.axf" - 0 Error(s), 0 Warning(s).
Rebuild target 'Target 1'
assembling Startup.s...
compiling 4_bitLCD.c...
lcdheader.h(30): warning:  #167-D: argument of type "unsigned char *" is incompatible with parameter of type "const char *"
linking...
Program Size: Code=3272 RO-data=16 RW-data=0 ZI-data=1256  
FromELF: creating hex file...
"LCD1.axf" - 0 Error(s), 1 Warning(s).
Rebuild target 'Target 1'
assembling Startup.s...
compiling 4_bitLCD.c...
lcdheader.h(30): warning:  #167-D: argument of type "unsigned char *" is incompatible with parameter of type "const char *"
4_bitLCD.c(8): error:  #65: expected a ";"
Target not created
Rebuild target 'Target 1'
assembling Startup.s...
compiling 4_bitLCD.c...
lcdheader.h(30): warning:  #167-D: argument of type "unsigned char *" is incompatible with parameter of type "const char *"
linking...
Program Size: Code=3276 RO-data=16 RW-data=0 ZI-data=1256  
FromELF: creating hex file...
"LCD1.axf" - 0 Error(s), 1 Warning(s).
Rebuild target 'Target 1'
assembling Startup.s...
compiling 4_bitLCD.c...
lcdheader.h(30): warning:  #167-D: argument of type "unsigned char *" is incompatible with parameter of type "const char *"
linking...
Program Size: Code=3276 RO-data=16 RW-data=0 ZI-data=1256  
FromELF: creating hex file...
"LCD1.axf" - 0 Error(s), 1 Warning(s).
Rebuild target 'Target 1'
assembling Startup.s...
compiling 4_bitLCD.c...
lcdheader.h(30): warning:  #167-D: argument of type "unsigned char *" is incompatible with parameter of type "const char *"
linking...
Program Size: Code=3280 RO-data=16 RW-data=0 ZI-data=1256  
FromELF: creating hex file...
"LCD1.axf" - 0 Error(s), 1 Warning(s).
Rebuild target 'Target 1'
assembling Startup.s...
compiling 4_bitLCD.c...
lcdheader.h(30): warning:  #167-D: argument of type "unsigned char *" is incompatible with parameter of type "const char *"
linking...
Program Size: Code=3276 RO-data=16 RW-data=0 ZI-data=1256  
FromELF: creating hex file...
"LCD1.axf" - 0 Error(s), 1 Warning(s).
Rebuild target 'Target 1'
assembling Startup.s...
compiling 4_bitLCD.c...
lcdheader.h(30): warning:  #167-D: argument of type "unsigned char *" is incompatible with parameter of type "const char *"
linking...
Program Size: Code=3276 RO-data=16 RW-data=0 ZI-data=1256  
FromELF: creating hex file...
"LCD1.axf" - 0 Error(s), 1 Warning(s).
Rebuild target 'Target 1'
assembling Startup.s...
compiling 4_bitLCD.c...
lcdheader.h(30): warning:  #167-D: argument of type "unsigned char *" is incompatible with parameter of type "const char *"
linking...
Program Size: Code=3276 RO-data=16 RW-data=0 ZI-data=1256  
FromELF: creating hex file...
"LCD1.axf" - 0 Error(s), 1 Warning(s).
Rebuild target 'Target 1'
assembling Startup.s...
compiling 4_bitLCD.c...
lcdheader.h(30): warning:  #167-D: argument of type "unsigned char *" is incompatible with parameter of type "const char *"
4_bitLCD.c(7): error:  #268: declaration may not appear after executable statement in block
Target not created
Rebuild target 'Target 1'
assembling Startup.s...
compiling 4_bitLCD.c...
lcdheader.h(30): warning:  #167-D: argument of type "unsigned char *" is incompatible with parameter of type "const char *"
linking...
Program Size: Code=3372 RO-data=16 RW-data=0 ZI-data=1256  
FromELF: creating hex file...
"LCD1.axf" - 0 Error(s), 1 Warning(s).
Rebuild target 'Target 1'
assembling Startup.s...
compiling 4_bitLCD.c...
lcdheader.h(30): warning:  #167-D: argument of type "unsigned char *" is incompatible with parameter of type "const char *"
linking...
Program Size: Code=3532 RO-data=16 RW-data=0 ZI-data=1256  
FromELF: creating hex file...
"LCD1.axf" - 0 Error(s), 1 Warning(s).
Rebuild target 'Target 1'
assembling Startup.s...
compiling 4_bitLCD.c...
lcdheader.h(30): warning:  #167-D: argument of type "unsigned char *" is incompatible with parameter of type "const char *"
linking...
Program Size: Code=3560 RO-data=16 RW-data=0 ZI-data=1256  
FromELF: creating hex file...
"LCD1.axf" - 0 Error(s), 1 Warning(s).
Rebuild target 'Target 1'
assembling Startup.s...
compiling 4_bitLCD.c...
lcdheader.h(30): warning:  #167-D: argument of type "unsigned char *" is incompatible with parameter of type "const char *"
linking...
Program Size: Code=3560 RO-data=16 RW-data=0 ZI-data=1256  
FromELF: creating hex file...
"LCD1.axf" - 0 Error(s), 1 Warning(s).
Rebuild target 'Target 1'
assembling Startup.s...
compiling 4_bitLCD.c...
lcdheader.h(30): warning:  #167-D: argument of type "unsigned char *" is incompatible with parameter of type "const char *"
linking...
Program Size: Code=3576 RO-data=16 RW-data=0 ZI-data=1256  
FromELF: creating hex file...
"LCD1.axf" - 0 Error(s), 1 Warning(s).
Rebuild target 'Target 1'
assembling Startup.s...
compiling 4_bitLCD.c...
lcdheader.h(30): warning:  #167-D: argument of type "unsigned char *" is incompatible with parameter of type "const char *"
linking...
Program Size: Code=3564 RO-data=16 RW-data=0 ZI-data=1256  
FromELF: creating hex file...
"LCD1.axf" - 0 Error(s), 1 Warning(s).
Rebuild target 'Target 1'
assembling Startup.s...
compiling 4_bitLCD.c...
lcdheader.h(30): warning:  #167-D: argument of type "unsigned char *" is incompatible with parameter of type "const char *"
linking...
Program Size: Code=3548 RO-data=16 RW-data=0 ZI-data=1256  
FromELF: creating hex file...
"LCD1.axf" - 0 Error(s), 1 Warning(s).
Rebuild target 'Target 1'
assembling Startup.s...
compiling 4_bitLCD.c...
lcdheader.h(30): warning:  #167-D: argument of type "unsigned char *" is incompatible with parameter of type "const char *"
linking...
Program Size: Code=3548 RO-data=16 RW-data=0 ZI-data=1256  
FromELF: creating hex file...
"LCD1.axf" - 0 Error(s), 1 Warning(s).
