<html>
<body>
<pre>
<h1>µVision Build Log</h1>
<h2>Project:</h2>
E:\v23ce6v2\Embedded Projects\7SEGMENT_Display\7segment.uvproj
Project File Date:  03/29/2024

<h2>Output:</h2>
Build target 'Target 1'
assembling Startup.s...
compiling 7segment.c...
linking...
Program Size: Code=3996 RO-data=48 RW-data=28 ZI-data=1260  
FromELF: creating hex file...
"7segment.axf" - 0 Error(s), 0 Warning(s).
Build target 'Target 1'
assembling Startup.s...
compiling 7segment.c...
linking...
Program Size: Code=4344 RO-data=48 RW-data=28 ZI-data=1260  
FromELF: creating hex file...
"7segment.axf" - 0 Error(s), 0 Warning(s).
Build target 'Target 1'
assembling Startup.s...
compiling 7segment.c...
7segment.c(20): error:  #29: expected an expression
7segment.c(20): error:  #20: identifier "i" is undefined
Target not created
Build target 'Target 1'
assembling Startup.s...
compiling 7segment.c...
linking...
Program Size: Code=4368 RO-data=48 RW-data=28 ZI-data=1260  
FromELF: creating hex file...
"7segment.axf" - 0 Error(s), 0 Warning(s).
Build target 'Target 1'
assembling Startup.s...
compiling 7segment.c...
7segment.c(20): warning:  #177-D: variable "i" was declared but never referenced
linking...
Program Size: Code=4344 RO-data=48 RW-data=28 ZI-data=1260  
FromELF: creating hex file...
"7segment.axf" - 0 Error(s), 1 Warning(s).
Build target 'Target 1'
assembling Startup.s...
compiling 7segment.c...
linking...
Program Size: Code=4344 RO-data=48 RW-data=28 ZI-data=1260  
FromELF: creating hex file...
"7segment.axf" - 0 Error(s), 0 Warning(s).
Build target 'Target 1'
assembling Startup.s...
compiling 7segment.c...
linking...
Program Size: Code=4352 RO-data=48 RW-data=28 ZI-data=1260  
FromELF: creating hex file...
"7segment.axf" - 0 Error(s), 0 Warning(s).
Build target 'Target 1'
assembling Startup.s...
compiling 7segment.c...
linking...
Program Size: Code=4360 RO-data=48 RW-data=28 ZI-data=1260  
FromELF: creating hex file...
"7segment.axf" - 0 Error(s), 0 Warning(s).
Build target 'Target 1'
assembling Startup.s...
compiling 7segment.c...
linking...
Program Size: Code=4348 RO-data=48 RW-data=28 ZI-data=1260  
FromELF: creating hex file...
"7segment.axf" - 0 Error(s), 0 Warning(s).
Build target 'Target 1'
assembling Startup.s...
compiling 7segment.c...
linking...
Program Size: Code=4348 RO-data=48 RW-data=28 ZI-data=1260  
FromELF: creating hex file...
"7segment.axf" - 0 Error(s), 0 Warning(s).
Build target 'Target 1'
assembling Startup.s...
compiling 7segment.c...
linking...
Program Size: Code=4348 RO-data=48 RW-data=28 ZI-data=1260  
FromELF: creating hex file...
"7segment.axf" - 0 Error(s), 0 Warning(s).
Build target 'Target 1'
assembling Startup.s...
compiling 7segment.c...
linking...
Program Size: Code=4340 RO-data=48 RW-data=28 ZI-data=1260  
FromELF: creating hex file...
"7segment.axf" - 0 Error(s), 0 Warning(s).
Build target 'Target 1'
assembling Startup.s...
compiling 7segment.c...
linking...
Program Size: Code=4320 RO-data=48 RW-data=28 ZI-data=1260  
FromELF: creating hex file...
"7segment.axf" - 0 Error(s), 0 Warning(s).
Build target 'Target 1'
assembling Startup.s...
compiling 7segment.c...
linking...
Program Size: Code=4300 RO-data=48 RW-data=28 ZI-data=1260  
FromELF: creating hex file...
"7segment.axf" - 0 Error(s), 0 Warning(s).
Build target 'Target 1'
assembling Startup.s...
compiling 7segment.c...
linking...
Program Size: Code=4320 RO-data=48 RW-data=28 ZI-data=1260  
FromELF: creating hex file...
"7segment.axf" - 0 Error(s), 0 Warning(s).
Build target 'Target 1'
assembling Startup.s...
compiling 7segment.c...
linking...
Program Size: Code=4352 RO-data=48 RW-data=28 ZI-data=1260  
FromELF: creating hex file...
"7segment.axf" - 0 Error(s), 0 Warning(s).
Build target 'Target 1'
assembling Startup.s...
compiling 7segment.c...
linking...
Program Size: Code=4352 RO-data=48 RW-data=28 ZI-data=1260  
FromELF: creating hex file...
"7segment.axf" - 0 Error(s), 0 Warning(s).
Build target 'Target 1'
assembling Startup.s...
compiling 7segment.c...
7segment.c(54): error:  #20: identifier "k" is undefined
Target not created
Build target 'Target 1'
assembling Startup.s...
compiling 7segment.c...
linking...
Program Size: Code=4320 RO-data=48 RW-data=28 ZI-data=1260  
FromELF: creating hex file...
"7segment.axf" - 0 Error(s), 0 Warning(s).
Build target 'Target 1'
assembling Startup.s...
compiling 7segment.c...
linking...
Program Size: Code=4344 RO-data=48 RW-data=28 ZI-data=1260  
FromELF: creating hex file...
"7segment.axf" - 0 Error(s), 0 Warning(s).
Build target 'Target 1'
assembling Startup.s...
compiling 7segment.c...
linking...
Program Size: Code=4348 RO-data=48 RW-data=28 ZI-data=1260  
FromELF: creating hex file...
"7segment.axf" - 0 Error(s), 0 Warning(s).
Build target 'Target 1'
assembling Startup.s...
compiling 7segment.c...
linking...
Program Size: Code=4348 RO-data=48 RW-data=28 ZI-data=1260  
FromELF: creating hex file...
"7segment.axf" - 0 Error(s), 0 Warning(s).
Build target 'Target 1'
assembling Startup.s...
compiling 7segment.c...
linking...
Program Size: Code=3992 RO-data=48 RW-data=28 ZI-data=1260  
FromELF: creating hex file...
"7segment.axf" - 0 Error(s), 0 Warning(s).
Build target 'Target 1'
assembling Startup.s...
compiling 7segment.c...
linking...
Program Size: Code=3992 RO-data=48 RW-data=28 ZI-data=1260  
FromELF: creating hex file...
"7segment.axf" - 0 Error(s), 0 Warning(s).
Build target 'Target 1'
assembling Startup.s...
compiling 7segment.c...
7segment.c(34): error:  #268: declaration may not appear after executable statement in block
7segment.c(34): error:  #67: expected a "}"
7segment.c(35): error:  #169: expected a declaration
7segment.c(83): warning:  #12-D: parsing restarts here after previous syntax error
7segment.c(84): error:  #79: expected a type specifier
7segment.c(84): warning:  #77-D: this declaration has no storage class or type specifier
7segment.c(84): error:  #147: declaration is incompatible with "void delay(int)" (declared at line 3 of "E:\v23ce6v2\Embedded Projects\7SEGMENT_Display\delay.h")
7segment.c(85): error:  #40: expected an identifier
7segment.c(85): error:  #18: expected a ")"
7segment.c(85): error:  #144: a value of type "int" cannot be used to initialize an entity of type "int *"
7segment.c(87): error:  #40: expected an identifier
7segment.c(87): error:  #18: expected a ")"
7segment.c(87): error:  #144: a value of type "int" cannot be used to initialize an entity of type "int *"
7segment.c(88): error:  #40: expected an identifier
7segment.c(88): error:  #18: expected a ")"
7segment.c(88): error:  #20: identifier "n2" is undefined
7segment.c(89): error:  #40: expected an identifier
7segment.c(89): error:  #18: expected a ")"
7segment.c(89): error:  #144: a value of type "int" cannot be used to initialize an entity of type "int *"
7segment.c(90): error:  #79: expected a type specifier
7segment.c(90): warning:  #77-D: this declaration has no storage class or type specifier
7segment.c(91): error:  #40: expected an identifier
7segment.c(91): error:  #18: expected a ")"
7segment.c(91): error:  #144: a value of type "int" cannot be used to initialize an entity of type "int *"
7segment.c(92): error:  #169: expected a declaration
7segment.c(146): warning:  #12-D: parsing restarts here after previous syntax error
7segment.c(147): error:  #40: expected an identifier
7segment.c(147): error:  #18: expected a ")"
7segment.c(147): error:  #20: identifier "n" is undefined
7segment.c(147): error:  #28: expression must have a constant value
7segment.c(148): error:  #40: expected an identifier
7segment.c(148): error:  #18: expected a ")"
7segment.c(148): error:  #144: a value of type "int" cannot be used to initialize an entity of type "int *"
7segment.c(149): error:  #79: expected a type specifier
Target not created
Build target 'Target 1'
assembling Startup.s...
compiling 7segment.c...
linking...
Program Size: Code=4004 RO-data=48 RW-data=28 ZI-data=1260  
FromELF: creating hex file...
"7segment.axf" - 0 Error(s), 0 Warning(s).
Build target 'Target 1'
assembling Startup.s...
compiling 7segment.c...
linking...
Program Size: Code=4004 RO-data=48 RW-data=28 ZI-data=1260  
FromELF: creating hex file...
"7segment.axf" - 0 Error(s), 0 Warning(s).
