<html>
<body>
<pre>
<h1>µVision Build Log</h1>
<h2>Project:</h2>
E:\v23ce6v2\Embedded Projects\TIMER INTERRUPT\timer_interrupt.uvproj
Project File Date:  04/17/2024

<h2>Output:</h2>
Build target 'Target 1'
assembling Startup.s...
compiling timer_interrupt.c...
timer_interrupt.c(6): error:  #130: expected a "{"
timer_interrupt.c(25): error:  #20: identifier "T0MR" is undefined
timer_interrupt.c(30): error:  #20: identifier "IOPIN" is undefined
Target not created
Build target 'Target 1'
assembling Startup.s...
compiling timer_interrupt.c...
timer_interrupt.c(6): error:  #130: expected a "{"
timer_interrupt.c(30): error:  #20: identifier "IOPIN" is undefined
Target not created
Build target 'Target 1'
assembling Startup.s...
compiling timer_interrupt.c...
timer_interrupt.c(6): error:  #130: expected a "{"
Target not created
Build target 'Target 1'
assembling Startup.s...
compiling timer_interrupt.c...
timer_interrupt.c(6): error:  #130: expected a "{"
timer_interrupt.c(30): error:  #20: identifier "IOPIN" is undefined
Target not created
Build target 'Target 1'
assembling Startup.s...
compiling timer_interrupt.c...
timer_interrupt.c(6): error:  #130: expected a "{"
Target not created
Build target 'Target 1'
assembling Startup.s...
compiling timer_interrupt.c...
linking...
Program Size: Code=776 RO-data=32 RW-data=4 ZI-data=1260  
"timer_interrupt.axf" - 0 Error(s), 0 Warning(s).
Build target 'Target 1'
assembling Startup.s...
compiling timer_interrupt.c...
linking...
Program Size: Code=1048 RO-data=32 RW-data=4 ZI-data=1260  
FromELF: creating hex file...
"timer_interrupt.axf" - 0 Error(s), 0 Warning(s).
Build target 'Target 1'
assembling Startup.s...
compiling timer_interrupt.c...
linking...
Program Size: Code=1048 RO-data=32 RW-data=4 ZI-data=1260  
FromELF: creating hex file...
"timer_interrupt.axf" - 0 Error(s), 0 Warning(s).
Build target 'Target 1'
assembling Startup.s...
compiling timer_interrupt.c...
linking...
Program Size: Code=1048 RO-data=32 RW-data=4 ZI-data=1260  
FromELF: creating hex file...
"timer_interrupt.axf" - 0 Error(s), 0 Warning(s).
Build target 'Target 1'
assembling Startup.s...
compiling timer_interrupt.c...
linking...
Program Size: Code=1044 RO-data=32 RW-data=4 ZI-data=1260  
FromELF: creating hex file...
"timer_interrupt.axf" - 0 Error(s), 0 Warning(s).
Build target 'Target 1'
assembling Startup.s...
compiling timer_interrupt.c...
linking...
Program Size: Code=1036 RO-data=32 RW-data=4 ZI-data=1260  
FromELF: creating hex file...
"timer_interrupt.axf" - 0 Error(s), 0 Warning(s).
Build target 'Target 1'
assembling Startup.s...
compiling timer_interrupt.c...
linking...
Program Size: Code=1036 RO-data=32 RW-data=4 ZI-data=1260  
FromELF: creating hex file...
"timer_interrupt.axf" - 0 Error(s), 0 Warning(s).
Build target 'Target 1'
assembling Startup.s...
compiling timer_interrupt.c...
linking...
Program Size: Code=1036 RO-data=32 RW-data=4 ZI-data=1260  
FromELF: creating hex file...
"timer_interrupt.axf" - 0 Error(s), 0 Warning(s).
Build target 'Target 1'
assembling Startup.s...
compiling timer_interrupt.c...
timer_interrupt.c(12): warning:  #174-D: expression has no effect
timer_interrupt.c(12): error:  #65: expected a ";"
timer_interrupt.c(16): warning:  #12-D: parsing restarts here after previous syntax error
Target not created
Build target 'Target 1'
assembling Startup.s...
compiling timer_interrupt.c...
linking...
Program Size: Code=1024 RO-data=32 RW-data=4 ZI-data=1260  
FromELF: creating hex file...
"timer_interrupt.axf" - 0 Error(s), 0 Warning(s).
