<html>
<body>
<pre>
<h1>µVision Build Log</h1>
<h2>Project:</h2>
E:\v23ce6v2\Embedded Projects\Switch.uvproj
Project File Date:  03/22/2024

<h2>Output:</h2>
Rebuild target 'Target 1'
assembling Startup.s...
compiling switch.c...
switch.c(6): error:  #20: identifier "IOPIN" is undefined
switch.c(7): error:  #20: identifier "IOCLR" is undefined
switch.c(9): error:  #20: identifier "IOSET" is undefined
Target not created
Rebuild target 'Target 1'
assembling Startup.s...
compiling switch.c...
switch.c(7): error:  #20: identifier "IOPIN" is undefined
Target not created
Rebuild target 'Target 1'
assembling Startup.s...
compiling switch.c...
linking...
Program Size: Code=528 RO-data=16 RW-data=0 ZI-data=1256  
"Switch.axf" - 0 Error(s), 0 Warning(s).
Rebuild target 'Target 1'
assembling Startup.s...
compiling switch.c...
linking...
Program Size: Code=800 RO-data=16 RW-data=0 ZI-data=1256  
FromELF: creating hex file...
"Switch.axf" - 0 Error(s), 0 Warning(s).
Rebuild target 'Target 1'
assembling Startup.s...
compiling switch.c...
linking...
Program Size: Code=800 RO-data=16 RW-data=0 ZI-data=1256  
FromELF: creating hex file...
"Switch.axf" - 0 Error(s), 0 Warning(s).
Rebuild target 'Target 1'
assembling Startup.s...
compiling switch.c...
switch.c(4): warning:  #47-D: incompatible redefinition of macro "SW2" (declared at line 3)
linking...
Program Size: Code=800 RO-data=16 RW-data=0 ZI-data=1256  
FromELF: creating hex file...
"Switch.axf" - 0 Error(s), 1 Warning(s).
Rebuild target 'Target 1'
assembling Startup.s...
compiling switch.c...
linking...
Program Size: Code=800 RO-data=16 RW-data=0 ZI-data=1256  
FromELF: creating hex file...
"Switch.axf" - 0 Error(s), 0 Warning(s).
Rebuild target 'Target 1'
assembling Startup.s...
compiling switch.c...
linking...
Program Size: Code=856 RO-data=16 RW-data=0 ZI-data=1256  
FromELF: creating hex file...
"Switch.axf" - 0 Error(s), 0 Warning(s).
Rebuild target 'Target 1'
assembling Startup.s...
compiling switch.c...
linking...
Program Size: Code=872 RO-data=16 RW-data=0 ZI-data=1256  
FromELF: creating hex file...
"Switch.axf" - 0 Error(s), 0 Warning(s).
Rebuild target 'Target 1'
assembling Startup.s...
compiling switch.c...
linking...
Program Size: Code=872 RO-data=16 RW-data=0 ZI-data=1256  
FromELF: creating hex file...
"Switch.axf" - 0 Error(s), 0 Warning(s).
Rebuild target 'Target 1'
assembling Startup.s...
compiling switch.c...
switch.c(9): error:  #20: identifier "T0TR" is undefined
Target not created
Rebuild target 'Target 1'
assembling Startup.s...
compiling switch.c...
switch.c(9): error:  #20: identifier "T0TR" is undefined
Target not created
Rebuild target 'Target 1'
assembling Startup.s...
compiling switch.c...
linking...
Program Size: Code=892 RO-data=16 RW-data=0 ZI-data=1256  
FromELF: creating hex file...
"Switch.axf" - 0 Error(s), 0 Warning(s).
Rebuild target 'Target 1'
assembling Startup.s...
compiling switch.c...
linking...
Program Size: Code=892 RO-data=16 RW-data=0 ZI-data=1256  
FromELF: creating hex file...
"Switch.axf" - 0 Error(s), 0 Warning(s).
Rebuild target 'Target 1'
assembling Startup.s...
compiling switch.c...
timer.c(12): error:  #169: expected a declaration
switch.c(37): warning:  #12-D: parsing restarts here after previous syntax error
switch.c(39): error:  #169: expected a declaration
compiling timer.c...
timer.c(12): error:  #169: expected a declaration
Target not created
Rebuild target 'Target 1'
assembling Startup.s...
compiling switch.c...
timer.c(12): error:  #169: expected a declaration
switch.c(37): warning:  #12-D: parsing restarts here after previous syntax error
switch.c(39): error:  #169: expected a declaration
compiling timer.c...
timer.c(12): error:  #169: expected a declaration
Target not created
Rebuild target 'Target 1'
assembling Startup.s...
compiling switch.c...
compiling timer.c...
linking...
Switch.axf: Error: L6200E: Symbol delay multiply defined (by timer.o and switch.o).
Target not created
Rebuild target 'Target 1'
assembling Startup.s...
compiling switch.c...
compiling timer.c...
linking...
Switch.axf: Error: L6200E: Symbol delay multiply defined (by timer.o and switch.o).
Target not created
Rebuild target 'Target 1'
assembling Startup.s...
compiling switch.c...
compiling timer.c...
linking...
Switch.axf: Error: L6200E: Symbol delay multiply defined (by timer.o and switch.o).
Target not created
